Component: ARM Compiler 5.06 update 6 (build 750) Tool: armlink [4d35ed]

==============================================================================

Section Cross References

    main.o(i.EXTI9_5_IRQHandler) refers to stm32f10x_exti.o(i.EXTI_GetITStatus) for EXTI_GetITStatus
    main.o(i.EXTI9_5_IRQHandler) refers to mpr121.o(i.read_register) for read_register
    main.o(i.EXTI9_5_IRQHandler) refers to stm32f10x_exti.o(i.EXTI_ClearFlag) for EXTI_ClearFlag
    main.o(i.EXTI9_5_IRQHandler) refers to stm32f10x_exti.o(i.EXTI_ClearITPendingBit) for EXTI_ClearITPendingBit
    main.o(i.EXTI9_5_IRQHandler) refers to main.o(.data) for value
    main.o(i.USART2_IRQHandler) refers to stm32f10x_usart.o(i.USART_GetITStatus) for USART_GetITStatus
    main.o(i.USART2_IRQHandler) refers to usart.o(i.USART2_GetChar) for USART2_GetChar
    main.o(i.USART2_IRQHandler) refers to main.o(.data) for c
    main.o(i.USART2_IRQHandler) refers to main.o(.bss) for buf
    main.o(i.main) refers to delay.o(i.DelayInit) for DelayInit
    main.o(i.main) refers to gpio.o(i.Config_GPIO) for Config_GPIO
    main.o(i.main) refers to lcd16_2.o(i.lcd16x2_init) for lcd16x2_init
    main.o(i.main) refers to mpr121.o(i.mpr121_init) for mpr121_init
    main.o(i.main) refers to exti-config.o(i.EXTI9_5_Init) for EXTI9_5_Init
    main.o(i.main) refers to lcd16_2.o(i.lcd16x2_gotoxy) for lcd16x2_gotoxy
    main.o(i.main) refers to lcd16_2.o(i.lcd16x2_puts) for lcd16x2_puts
    main.o(i.main) refers to delay.o(i.DelayMs) for DelayMs
    main.o(i.main) refers to lcd16_2.o(i.lcd16x2_clrscr) for lcd16x2_clrscr
    main.o(i.main) refers to rtc.o(i.RTC_config) for RTC_config
    main.o(i.main) refers to usart.o(i.USART2_Init) for USART2_Init
    main.o(i.main) refers to stm32f10x_rtc.o(i.RTC_GetCounter) for RTC_GetCounter
    main.o(i.main) refers to rtc.o(i.Time_Display) for Time_Display
    main.o(i.main) refers to touch.o(i.State_inMenu) for State_inMenu
    main.o(i.main) refers to touch.o(i.read_touchkey) for read_touchkey
    main.o(i.main) refers to touch.o(i.Slider) for Slider
    main.o(i.main) refers to usart.o(i.USART2_PutString) for USART2_PutString
    main.o(i.main) refers to main.o(.data) for volume
    main.o(i.main) refers to main.o(.bss) for buf
    delay.o(i.DelayInit) refers to system_stm32f10x.o(i.SystemCoreClockUpdate) for SystemCoreClockUpdate
    delay.o(i.DelayInit) refers to system_stm32f10x.o(.data) for SystemCoreClock
    delay.o(i.DelayMs) refers to delay.o(i.DelayUs) for DelayUs
    delay.o(i.DelayUs) refers to delay.o(.data) for usTicks
    delay.o(i.SysTick_Handler) refers to delay.o(.data) for usTicks
    gpio.o(i.Config_GPIO) refers to stm32f10x_rcc.o(i.RCC_APB2PeriphClockCmd) for RCC_APB2PeriphClockCmd
    gpio.o(i.Config_GPIO) refers to stm32f10x_gpio.o(i.GPIO_Init) for GPIO_Init
    lcd16_2.o(i.lcd16x2_blink_off) refers to lcd16_2.o(i.lcd16x2_write_command) for lcd16x2_write_command
    lcd16_2.o(i.lcd16x2_blink_off) refers to lcd16_2.o(.data) for display_cursor_on_off_control
    lcd16_2.o(i.lcd16x2_blink_on) refers to lcd16_2.o(i.lcd16x2_write_command) for lcd16x2_write_command
    lcd16_2.o(i.lcd16x2_blink_on) refers to lcd16_2.o(.data) for display_cursor_on_off_control
    lcd16_2.o(i.lcd16x2_clrscr) refers to lcd16_2.o(i.lcd16x2_write_command) for lcd16x2_write_command
    lcd16_2.o(i.lcd16x2_create_custom_char) refers to lcd16_2.o(i.lcd16x2_write_command) for lcd16x2_write_command
    lcd16_2.o(i.lcd16x2_create_custom_char) refers to lcd16_2.o(i.lcd16x2_write_data) for lcd16x2_write_data
    lcd16_2.o(i.lcd16x2_cursor_off) refers to lcd16_2.o(i.lcd16x2_write_command) for lcd16x2_write_command
    lcd16_2.o(i.lcd16x2_cursor_off) refers to lcd16_2.o(.data) for display_cursor_on_off_control
    lcd16_2.o(i.lcd16x2_cursor_on) refers to lcd16_2.o(i.lcd16x2_write_command) for lcd16x2_write_command
    lcd16_2.o(i.lcd16x2_cursor_on) refers to lcd16_2.o(.data) for display_cursor_on_off_control
    lcd16_2.o(i.lcd16x2_cursor_shift_left) refers to lcd16_2.o(i.lcd16x2_write_command) for lcd16x2_write_command
    lcd16_2.o(i.lcd16x2_cursor_shift_right) refers to lcd16_2.o(i.lcd16x2_write_command) for lcd16x2_write_command
    lcd16_2.o(i.lcd16x2_display_off) refers to lcd16_2.o(i.lcd16x2_write_command) for lcd16x2_write_command
    lcd16_2.o(i.lcd16x2_display_off) refers to lcd16_2.o(.data) for display_cursor_on_off_control
    lcd16_2.o(i.lcd16x2_display_on) refers to lcd16_2.o(i.lcd16x2_write_command) for lcd16x2_write_command
    lcd16_2.o(i.lcd16x2_display_on) refers to lcd16_2.o(.data) for display_cursor_on_off_control
    lcd16_2.o(i.lcd16x2_display_shift_left) refers to lcd16_2.o(i.lcd16x2_write_command) for lcd16x2_write_command
    lcd16_2.o(i.lcd16x2_display_shift_right) refers to lcd16_2.o(i.lcd16x2_write_command) for lcd16x2_write_command
    lcd16_2.o(i.lcd16x2_entry_dec) refers to lcd16_2.o(i.lcd16x2_write_command) for lcd16x2_write_command
[...]
    Removing stm32f10x_pwr.o(i.PWR_PVDLevelConfig), (24 bytes).
    Removing stm32f10x_pwr.o(i.PWR_WakeUpPinCmd), (12 bytes).
    Removing stm32f10x_rcc.o(.rev16_text), (4 bytes).
    Removing stm32f10x_rcc.o(.revsh_text), (4 bytes).
    Removing stm32f10x_rcc.o(.rrx_text), (6 bytes).
    Removing stm32f10x_rcc.o(i.RCC_ADCCLKConfig), (24 bytes).
    Removing stm32f10x_rcc.o(i.RCC_AHBPeriphClockCmd), (32 bytes).
    Removing stm32f10x_rcc.o(i.RCC_APB1PeriphResetCmd), (32 bytes).
    Removing stm32f10x_rcc.o(i.RCC_APB2PeriphResetCmd), (32 bytes).
    Removing stm32f10x_rcc.o(i.RCC_AdjustHSICalibrationValue), (24 bytes).
    Removing stm32f10x_rcc.o(i.RCC_ClearITPendingBit), (12 bytes).
    Removing stm32f10x_rcc.o(i.RCC_ClockSecuritySystemCmd), (12 bytes).
    Removing stm32f10x_rcc.o(i.RCC_DeInit), (76 bytes).
    Removing stm32f10x_rcc.o(i.RCC_GetITStatus), (24 bytes).
    Removing stm32f10x_rcc.o(i.RCC_GetSYSCLKSource), (16 bytes).
    Removing stm32f10x_rcc.o(i.RCC_HCLKConfig), (24 bytes).
    Removing stm32f10x_rcc.o(i.RCC_HSEConfig), (76 bytes).
    Removing stm32f10x_rcc.o(i.RCC_HSICmd), (12 bytes).
    Removing stm32f10x_rcc.o(i.RCC_ITConfig), (32 bytes).
    Removing stm32f10x_rcc.o(i.RCC_LSICmd), (12 bytes).
    Removing stm32f10x_rcc.o(i.RCC_MCOConfig), (12 bytes).
    Removing stm32f10x_rcc.o(i.RCC_PCLK1Config), (24 bytes).
    Removing stm32f10x_rcc.o(i.RCC_PCLK2Config), (24 bytes).
    Removing stm32f10x_rcc.o(i.RCC_PLLCmd), (12 bytes).
    Removing stm32f10x_rcc.o(i.RCC_PLLConfig), (28 bytes).
    Removing stm32f10x_rcc.o(i.RCC_SYSCLKConfig), (24 bytes).
    Removing stm32f10x_rcc.o(i.RCC_USBCLKConfig), (12 bytes).
    Removing stm32f10x_rcc.o(i.RCC_WaitForHSEStartUp), (56 bytes).
    Removing stm32f10x_rtc.o(.rev16_text), (4 bytes).
    Removing stm32f10x_rtc.o(.revsh_text), (4 bytes).
    Removing stm32f10x_rtc.o(.rrx_text), (6 bytes).
    Removing stm32f10x_rtc.o(i.RTC_ClearFlag), (16 bytes).
    Removing stm32f10x_rtc.o(i.RTC_ClearITPendingBit), (16 bytes).
    Removing stm32f10x_rtc.o(i.RTC_GetDivider), (24 bytes).
    Removing stm32f10x_rtc.o(i.RTC_GetFlagStatus), (24 bytes).
    Removing stm32f10x_rtc.o(i.RTC_GetITStatus), (36 bytes).
    Removing stm32f10x_rtc.o(i.RTC_SetAlarm), (28 bytes).
    Removing system_stm32f10x.o(.rev16_text), (4 bytes).
    Removing system_stm32f10x.o(.revsh_text), (4 bytes).
    Removing system_stm32f10x.o(.rrx_text), (6 bytes).
    Removing stm32f10x_usart.o(.rev16_text), (4 bytes).
    Removing stm32f10x_usart.o(.revsh_text), (4 bytes).
    Removing stm32f10x_usart.o(.rrx_text), (6 bytes).
    Removing stm32f10x_usart.o(i.USART_ClearITPendingBit), (30 bytes).
    Removing stm32f10x_usart.o(i.USART_ClockInit), (34 bytes).
    Removing stm32f10x_usart.o(i.USART_ClockStructInit), (12 bytes).
    Removing stm32f10x_usart.o(i.USART_DMACmd), (18 bytes).
    Removing stm32f10x_usart.o(i.USART_DeInit), (156 bytes).
    Removing stm32f10x_usart.o(i.USART_HalfDuplexCmd), (24 bytes).
    Removing stm32f10x_usart.o(i.USART_IrDACmd), (24 bytes).
    Removing stm32f10x_usart.o(i.USART_IrDAConfig), (18 bytes).
    Removing stm32f10x_usart.o(i.USART_LINBreakDetectLengthConfig), (18 bytes).
    Removing stm32f10x_usart.o(i.USART_LINCmd), (24 bytes).
    Removing stm32f10x_usart.o(i.USART_OneBitMethodCmd), (24 bytes).
    Removing stm32f10x_usart.o(i.USART_OverSampling8Cmd), (22 bytes).
    Removing stm32f10x_usart.o(i.USART_ReceiverWakeUpCmd), (24 bytes).
    Removing stm32f10x_usart.o(i.USART_SendBreak), (10 bytes).
    Removing stm32f10x_usart.o(i.USART_SetAddress), (18 bytes).
    Removing stm32f10x_usart.o(i.USART_SetGuardTime), (16 bytes).
    Removing stm32f10x_usart.o(i.USART_SetPrescaler), (16 bytes).
    Removing stm32f10x_usart.o(i.USART_SmartCardCmd), (24 bytes).
    Removing stm32f10x_usart.o(i.USART_SmartCardNACKCmd), (24 bytes).
    Removing stm32f10x_usart.o(i.USART_StructInit), (24 bytes).
    Removing stm32f10x_usart.o(i.USART_WakeUpConfig), (18 bytes).

219 unused section(s) (total 6402 bytes) removed from the image.

==============================================================================

Image Symbol Table

    Local Symbols

    Symbol Name                              Value     Ov Type        Size  Object(Section)

    ../clib/angel/boardlib.s                 0x00000000   Number         0  boardinit3.o ABSOLUTE
    ../clib/angel/boardlib.s                 0x00000000   Number         0  boardinit2.o ABSOLUTE
    ../clib/angel/boardlib.s                 0x00000000   Number         0  boardinit1.o ABSOLUTE
    ../clib/angel/boardlib.s                 0x00000000   Number         0  boardshut.o ABSOLUTE
    ../clib/angel/handlers.s                 0x00000000   Number         0  __scatter_copy.o ABSOLUTE
    ../clib/angel/handlers.s                 0x00000000   Number         0  __scatter_zi.o ABSOLUTE
    ../clib/angel/kernel.s                   0x00000000   Number         0  __rtentry.o ABSOLUTE
    ../clib/angel/kernel.s                   0x00000000   Number         0  __rtentry2.o ABSOLUTE
    ../clib/angel/kernel.s                   0x00000000   Number         0  __rtentry4.o ABSOLUTE
    ../clib/angel/kernel.s                   0x00000000   Number         0  rtexit.o ABSOLUTE
    ../clib/angel/kernel.s                   0x00000000   Number         0  rtexit2.o ABSOLUTE
    ../clib/angel/rt.s                       0x00000000   Number         0  rt_raise.o ABSOLUTE
    ../clib/angel/rt.s                       0x00000000   Number         0  rt_heap_descriptor.o ABSOLUTE
    ../clib/angel/rt.s                       0x00000000   Number         0  rt_heap_descriptor_intlibspace.o ABSOLUTE
    ../clib/angel/scatter.s                  0x00000000   Number         0  __scatter.o ABSOLUTE
    ../clib/angel/startup.s                  0x00000000   Number         0  __main.o ABSOLUTE
    ../clib/angel/sys.s                      0x00000000   Number         0  mutex_dummy.o ABSOLUTE
    ../clib/angel/sys.s                      0x00000000   Number         0  libspace.o ABSOLUTE
    ../clib/angel/sys.s                      0x00000000   Number         0  use_no_semi.o ABSOLUTE
    ../clib/angel/sys.s                      0x00000000   Number         0  indicate_semi.o ABSOLUTE
    ../clib/angel/sys.s                      0x00000000   Number         0  sys_stackheap_outer.o ABSOLUTE
    ../clib/angel/sysapp.c                   0x00000000   Number         0  sys_command.o ABSOLUTE
    ../clib/angel/sysapp.c                   0x00000000   Number         0  sys_exit.o ABSOLUTE
    ../clib/angel/sysapp.c                   0x00000000   Number         0  sys_wrch.o ABSOLUTE
    ../clib/armsys.c                         0x00000000   Number         0  argv_veneer.o ABSOLUTE
    ../clib/armsys.c                         0x00000000   Number         0  no_argv.o ABSOLUTE
    ../clib/armsys.c                         0x00000000   Number         0  _get_argv.o ABSOLUTE
    ../clib/armsys.c                         0x00000000   Number         0  argv_veneer.o ABSOLUTE
    ../clib/armsys.c                         0x00000000   Number         0  _get_argv_nomalloc.o ABSOLUTE
    ../clib/heap1.c                          0x00000000   Number         0  h1_free_mt.o ABSOLUTE
    ../clib/heap1.c                          0x00000000   Number         0  h1_final.o ABSOLUTE
    ../clib/heap1.c                          0x00000000   Number         0  h1_final_mt.o ABSOLUTE
    ../clib/heap1.c                          0x00000000   Number         0  h1_extend.o ABSOLUTE
    ../clib/heap1.c                          0x00000000   Number         0  h1_init_mt.o ABSOLUTE
    ../clib/heap1.c                          0x00000000   Number         0  h1_init.o ABSOLUTE
    ../clib/heap1.c                          0x00000000   Number         0  h1_extend_mt.o ABSOLUTE
    ../clib/heap1.c                          0x00000000   Number         0  h1_alloc_mt.o ABSOLUTE
    ../clib/heap1.c                          0x00000000   Number         0  h1_free.o ABSOLUTE
    ../clib/heap1.c                          0x00000000   Number         0  h1_alloc.o ABSOLUTE
    ../clib/heap2.c                          0x00000000   Number         0  heap2.o ABSOLUTE
    ../clib/heap2.c                          0x00000000   Number         0  fdtree.o ABSOLUTE
    ../clib/heap2.c                          0x00000000   Number         0  heap2mt.o ABSOLUTE
    ../clib/heapalloc.c                      0x00000000   Number         0  hrguard.o ABSOLUTE
    ../clib/heapalloc.c                      0x00000000   Number         0  maybetermalloc2.o ABSOLUTE
    ../clib/heapalloc.c                      0x00000000   Number         0  heapstubs.o ABSOLUTE
    ../clib/heapalloc.c                      0x00000000   Number         0  free.o ABSOLUTE
    ../clib/heapalloc.c                      0x00000000   Number         0  malloc.o ABSOLUTE
    ../clib/heapalloc.c                      0x00000000   Number         0  init_alloc.o ABSOLUTE
    ../clib/heapalloc.c                      0x00000000   Number         0  term_alloc.o ABSOLUTE
    ../clib/heapalloc.c                      0x00000000   Number         0  maybetermalloc2.o ABSOLUTE
    ../clib/heapalloc.c                      0x00000000   Number         0  maybetermalloc1.o ABSOLUTE
    ../clib/heapalloc.c                      0x00000000   Number         0  maybetermalloc1.o ABSOLUTE
    ../clib/heapalloc.c                      0x00000000   Number         0  hguard.o ABSOLUTE
    ../clib/heapaux.c                        0x00000000   Number         0  heapauxi.o ABSOLUTE
    ../clib/heapaux.c                        0x00000000   Number         0  heapauxa.o ABSOLUTE
    ../clib/libinit.s                        0x00000000   Number         0  libshutdown.o ABSOLUTE
    ../clib/libinit.s                        0x00000000   Number         0  libinit2.o ABSOLUTE
    ../clib/libinit.s                        0x00000000   Number         0  libshutdown2.o ABSOLUTE
    ../clib/libinit.s                        0x00000000   Number         0  libinit.o ABSOLUTE
    ../clib/memcpset.s                       0x00000000   Number         0  rt_memcpy_w.o ABSOLUTE
    ../clib/misc.s                           0x00000000   Number         0  printf_stubs.o ABSOLUTE
    ../clib/printf.c                         0x00000000   Number         0  __printf_flags_ss.o ABSOLUTE
    ../clib/printf.c                         0x00000000   Number         0  __printf_ss.o ABSOLUTE
    ../clib/printf.c                         0x00000000   Number         0  __printf_nopercent.o ABSOLUTE
    ../clib/printf.c                         0x00000000   Number         0  __printf_flags_wp.o ABSOLUTE
    ../clib/printf.c                         0x00000000   Number         0  __printf_flags.o ABSOLUTE
    ../clib/printf.c                         0x00000000   Number         0  _sputc.o ABSOLUTE
    ../clib/printf.c                         0x00000000   Number         0  _printf_dec.o ABSOLUTE
    ../clib/printf.c                         0x00000000   Number         0  _printf_intcommon.o ABSOLUTE
    ../clib/printf.c                         0x00000000   Number         0  __printf.o ABSOLUTE
    ../clib/printf.c                         0x00000000   Number         0  noretval__2sprintf.o ABSOLUTE
    ../clib/printf.c                         0x00000000   Number         0  __2sprintf.o ABSOLUTE
    ../clib/printf.c                         0x00000000   Number         0  __printf_flags_ss_wp.o ABSOLUTE
    ../clib/printf.c                         0x00000000   Number         0  __printf_wp.o ABSOLUTE
    ../clib/printf.c                         0x00000000   Number         0  __printf_ss_wp.o ABSOLUTE
    ../clib/printf.c                         0x00000000   Number         0  _printf_char_common.o ABSOLUTE
    ../clib/printf_percent.s                 0x00000000   Number         0  _printf_percent.o ABSOLUTE
    ../clib/printf_percent.s                 0x00000000   Number         0  _printf_percent_end.o ABSOLUTE
    ../clib/printf_percent.s                 0x00000000   Number         0  _printf_d.o ABSOLUTE
    ../clib/signal.c                         0x00000000   Number         0  defsig_segv_inner.o ABSOLUTE
    ../clib/signal.c                         0x00000000   Number         0  defsig_rtmem_inner.o ABSOLUTE
    ../clib/signal.c                         0x00000000   Number         0  defsig_exit.o ABSOLUTE
    ../clib/signal.c                         0x00000000   Number         0  defsig_rtmem_formal.o ABSOLUTE
    ../clib/signal.c                         0x00000000   Number         0  defsig_rtmem_outer.o ABSOLUTE
    ../clib/signal.c                         0x00000000   Number         0  defsig_other.o ABSOLUTE
    ../clib/signal.c                         0x00000000   Number         0  defsig_cppl_inner.o ABSOLUTE
    ../clib/signal.c                         0x00000000   Number         0  defsig_pvfn_inner.o ABSOLUTE
    ../clib/signal.c                         0x00000000   Number         0  defsig_stak_inner.o ABSOLUTE
    ../clib/signal.c                         0x00000000   Number         0  defsig_rtred_inner.o ABSOLUTE
    ../clib/signal.c                         0x00000000   Number         0  defsig_fpe_inner.o ABSOLUTE
    ../clib/signal.c                         0x00000000   Number         0  defsig_abrt_inner.o ABSOLUTE
    ../clib/signal.c                         0x00000000   Number         0  defsig_general.o ABSOLUTE
    ../clib/signal.c                         0x00000000   Number         0  __raise.o ABSOLUTE
    ../clib/signal.s                         0x00000000   Number         0  defsig.o ABSOLUTE
    ../clib/stdlib.c                         0x00000000   Number         0  exit.o ABSOLUTE
    ../fplib/fpinit.s                        0x00000000   Number         0  fpinit.o ABSOLUTE
    C:\Keil_v5\ARM\PACK\Keil\STM32F1xx_DFP\2.3.0\Device\StdPeriph_Driver\src\misc.c 0x00000000   Number         0  misc.o ABSOLUTE
    C:\Keil_v5\ARM\PACK\Keil\STM32F1xx_DFP\2.3.0\Device\StdPeriph_Driver\src\stm32f10x_bkp.c 0x00000000   Number         0  stm32f10x_bkp.o ABSOLUTE
    C:\Keil_v5\ARM\PACK\Keil\STM32F1xx_DFP\2.3.0\Device\StdPeriph_Driver\src\stm32f10x_exti.c 0x00000000   Number         0  stm32f10x_exti.o ABSOLUTE
    C:\Keil_v5\ARM\PACK\Keil\STM32F1xx_DFP\2.3.0\Device\StdPeriph_Driver\src\stm32f10x_gpio.c 0x00000000   Number         0  stm32f10x_gpio.o ABSOLUTE
    C:\Keil_v5\ARM\PACK\Keil\STM32F1xx_DFP\2.3.0\Device\StdPeriph_Driver\src\stm32f10x_i2c.c 0x00000000   Number         0  stm32f10x_i2c.o ABSOLUTE
    C:\Keil_v5\ARM\PACK\Keil\STM32F1xx_DFP\2.3.0\Device\StdPeriph_Driver\src\stm32f10x_pwr.c 0x00000000   Number         0  stm32f10x_pwr.o ABSOLUTE
    C:\Keil_v5\ARM\PACK\Keil\STM32F1xx_DFP\2.3.0\Device\StdPeriph_Driver\src\stm32f10x_rcc.c 0x00000000   Number         0  stm32f10x_rcc.o ABSOLUTE
    C:\Keil_v5\ARM\PACK\Keil\STM32F1xx_DFP\2.3.0\Device\StdPeriph_Driver\src\stm32f10x_rtc.c 0x00000000   Number         0  stm32f10x_rtc.o ABSOLUTE
    C:\Keil_v5\ARM\PACK\Keil\STM32F1xx_DFP\2.3.0\Device\StdPeriph_Driver\src\stm32f10x_usart.c 0x00000000   Number         0  stm32f10x_usart.o ABSOLUTE
    C:\\Keil_v5\\ARM\\PACK\\Keil\\STM32F1xx_DFP\\2.3.0\\Device\\StdPeriph_Driver\\src\\misc.c 0x00000000   Number         0  misc.o ABSOLUTE
    C:\\Keil_v5\\ARM\\PACK\\Keil\\STM32F1xx_DFP\\2.3.0\\Device\\StdPeriph_Driver\\src\\stm32f10x_bkp.c 0x00000000   Number         0  stm32f10x_bkp.o ABSOLUTE
    C:\\Keil_v5\\ARM\\PACK\\Keil\\STM32F1xx_DFP\\2.3.0\\Device\\StdPeriph_Driver\\src\\stm32f10x_exti.c 0x00000000   Number         0  stm32f10x_exti.o ABSOLUTE
    C:\\Keil_v5\\ARM\\PACK\\Keil\\STM32F1xx_DFP\\2.3.0\\Device\\StdPeriph_Driver\\src\\stm32f10x_gpio.c 0x00000000   Number         0  stm32f10x_gpio.o ABSOLUTE
    C:\\Keil_v5\\ARM\\PACK\\Keil\\STM32F1xx_DFP\\2.3.0\\Device\\StdPeriph_Driver\\src\\stm32f10x_i2c.c 0x00000000   Number         0  stm32f10x_i2c.o ABSOLUTE
    C:\\Keil_v5\\ARM\\PACK\\Keil\\STM32F1xx_DFP\\2.3.0\\Device\\StdPeriph_Driver\\src\\stm32f10x_pwr.c 0x00000000   Number         0  stm32f10x_pwr.o ABSOLUTE
    C:\\Keil_v5\\ARM\\PACK\\Keil\\STM32F1xx_DFP\\2.3.0\\Device\\StdPeriph_Driver\\src\\stm32f10x_rcc.c 0x00000000   Number         0  stm32f10x_rcc.o ABSOLUTE
    C:\\Keil_v5\\ARM\\PACK\\Keil\\STM32F1xx_DFP\\2.3.0\\Device\\StdPeriph_Driver\\src\\stm32f10x_rtc.c 0x00000000   Number         0  stm32f10x_rtc.o ABSOLUTE
    C:\\Keil_v5\\ARM\\PACK\\Keil\\STM32F1xx_DFP\\2.3.0\\Device\\StdPeriph_Driver\\src\\stm32f10x_usart.c 0x00000000   Number         0  stm32f10x_usart.o ABSOLUTE
    Delay.c                                  0x00000000   Number         0  delay.o ABSOLUTE
    Delay.c                                  0x00000000   Number         0  delay.o ABSOLUTE
    EXTI-config.c                            0x00000000   Number         0  exti-config.o ABSOLUTE
    EXTI-config.c                            0x00000000   Number         0  exti-config.o ABSOLUTE
    GPIO.c                                   0x00000000   Number         0  gpio.o ABSOLUTE
    GPIO.c                                   0x00000000   Number         0  gpio.o ABSOLUTE
    LCD16_2.c                                0x00000000   Number         0  lcd16_2.o ABSOLUTE
    LCD16_2.c                                0x00000000   Number         0  lcd16_2.o ABSOLUTE
    RTC.c                                    0x00000000   Number         0  rtc.o ABSOLUTE
    RTC.c                                    0x00000000   Number         0  rtc.o ABSOLUTE
    RTE\Device\STM32F103C8\startup_stm32f10x_md.s 0x00000000   Number         0  startup_stm32f10x_md.o ABSOLUTE
    RTE\Device\STM32F103C8\system_stm32f10x.c 0x00000000   Number         0  system_stm32f10x.o ABSOLUTE
    RTE\\Device\\STM32F103C8\\system_stm32f10x.c 0x00000000   Number         0  system_stm32f10x.o ABSOLUTE
    dc.s                                     0x00000000   Number         0  dc.o ABSOLUTE
    i2c.c                                    0x00000000   Number         0  i2c.o ABSOLUTE
    i2c.c                                    0x00000000   Number         0  i2c.o ABSOLUTE
    main.c                                   0x00000000   Number         0  main.o ABSOLUTE
    main.c                                   0x00000000   Number         0  main.o ABSOLUTE
    mpr121.c                                 0x00000000   Number         0  mpr121.o ABSOLUTE
    mpr121.c                                 0x00000000   Number         0  mpr121.o ABSOLUTE
    touch.c                                  0x00000000   Number         0  touch.o ABSOLUTE
    touch.c                                  0x00000000   Number         0  touch.o ABSOLUTE
    usart.c                                  0x00000000   Number         0  usart.o ABSOLUTE
    usart.c                                  0x00000000   Number         0  usart.o ABSOLUTE
    RESET                                    0x08000000   Section      236  startup_stm32f10x_md.o(RESET)
    !!!main                                  0x080000ec   Section        8  __main.o(!!!main)
    !!!scatter                               0x080000f4   Section       52  __scatter.o(!!!scatter)
    !!handler_copy                           0x08000128   Section       26  __scatter_copy.o(!!handler_copy)
    !!handler_zi                             0x08000144   Section       28  __scatter_zi.o(!!handler_zi)
    .ARM.Collect$$_printf_percent$$00000000  0x08000160   Section        0  _printf_percent.o(.ARM.Collect$$_printf_percent$$00000000)
    .ARM.Collect$$_printf_percent$$00000009  0x08000160   Section        6  _printf_d.o(.ARM.Collect$$_printf_percent$$00000009)
    .ARM.Collect$$_printf_percent$$00000017  0x08000166   Section        4  _printf_percent_end.o(.ARM.Collect$$_printf_percent$$00000017)
    .ARM.Collect$$libinit$$00000000          0x0800016a   Section        2  libinit.o(.ARM.Collect$$libinit$$00000000)
    .ARM.Collect$$libinit$$00000002          0x0800016c   Section        0  libinit2.o(.ARM.Collect$$libinit$$00000002)
    .ARM.Collect$$libinit$$00000004          0x0800016c   Section        0  libinit2.o(.ARM.Collect$$libinit$$00000004)
    .ARM.Collect$$libinit$$0000000A          0x0800016c   Section        0  libinit2.o(.ARM.Collect$$libinit$$0000000A)
    .ARM.Collect$$libinit$$0000000C          0x0800016c   Section        0  libinit2.o(.ARM.Collect$$libinit$$0000000C)
    .ARM.Collect$$libinit$$0000000E          0x0800016c   Section        0  libinit2.o(.ARM.Collect$$libinit$$0000000E)
    .ARM.Collect$$libinit$$00000011          0x0800016c   Section        0  libinit2.o(.ARM.Collect$$libinit$$00000011)
    .ARM.Collect$$libinit$$00000013          0x0800016c   Section        0  libinit2.o(.ARM.Collect$$libinit$$00000013)
    .ARM.Collect$$libinit$$00000015          0x0800016c   Section        0  libinit2.o(.ARM.Collect$$libinit$$00000015)
    .ARM.Collect$$libinit$$00000017          0x0800016c   Section        0  libinit2.o(.ARM.Collect$$libinit$$00000017)
    .ARM.Collect$$libinit$$00000019          0x0800016c   Section        0  libinit2.o(.ARM.Collect$$libinit$$00000019)
    .ARM.Collect$$libinit$$0000001B          0x0800016c   Section        0  libinit2.o(.ARM.Collect$$libinit$$0000001B)
    .ARM.Collect$$libinit$$0000001D          0x0800016c   Section        0  libinit2.o(.ARM.Collect$$libinit$$0000001D)
    .ARM.Collect$$libinit$$0000001F          0x0800016c   Section        0  libinit2.o(.ARM.Collect$$libinit$$0000001F)
    .ARM.Collect$$libinit$$00000021          0x0800016c   Section        0  libinit2.o(.ARM.Collect$$libinit$$00000021)
    .ARM.Collect$$libinit$$00000023          0x0800016c   Section        0  libinit2.o(.ARM.Collect$$libinit$$00000023)
    .ARM.Collect$$libinit$$00000025          0x0800016c   Section        0  libinit2.o(.ARM.Collect$$libinit$$00000025)
    .ARM.Collect$$libinit$$0000002C          0x0800016c   Section        0  libinit2.o(.ARM.Collect$$libinit$$0000002C)
    .ARM.Collect$$libinit$$0000002E          0x0800016c   Section        0  libinit2.o(.ARM.Collect$$libinit$$0000002E)
    .ARM.Collect$$libinit$$00000030          0x0800016c   Section        0  libinit2.o(.ARM.Collect$$libinit$$00000030)
    .ARM.Collect$$libinit$$00000032          0x0800016c   Section        0  libinit2.o(.ARM.Collect$$libinit$$00000032)
    .ARM.Collect$$libinit$$00000033          0x0800016c   Section        2  libinit2.o(.ARM.Collect$$libinit$$00000033)
    .ARM.Collect$$libshutdown$$00000000      0x0800016e   Section        2  libshutdown.o(.ARM.Collect$$libshutdown$$00000000)
    .ARM.Collect$$libshutdown$$00000002      0x08000170   Section        0  libshutdown2.o(.ARM.Collect$$libshutdown$$00000002)
    .ARM.Collect$$libshutdown$$00000004      0x08000170   Section        0  libshutdown2.o(.ARM.Collect$$libshutdown$$00000004)
    .ARM.Collect$$libshutdown$$00000007      0x08000170   Section        0  libshutdown2.o(.ARM.Collect$$libshutdown$$00000007)
    .ARM.Collect$$libshutdown$$0000000A      0x08000170   Section        0  libshutdown2.o(.ARM.Collect$$libshutdown$$0000000A)
    .ARM.Collect$$libshutdown$$0000000C      0x08000170   Section        0  libshutdown2.o(.ARM.Collect$$libshutdown$$0000000C)
    .ARM.Collect$$libshutdown$$0000000F      0x08000170   Section        0  libshutdown2.o(.ARM.Collect$$libshutdown$$0000000F)
    .ARM.Collect$$libshutdown$$00000010      0x08000170   Section        2  libshutdown2.o(.ARM.Collect$$libshutdown$$00000010)
    .ARM.Collect$$rtentry$$00000000          0x08000172   Section        0  __rtentry.o(.ARM.Collect$$rtentry$$00000000)
    .ARM.Collect$$rtentry$$00000002          0x08000172   Section        0  __rtentry2.o(.ARM.Collect$$rtentry$$00000002)
    .ARM.Collect$$rtentry$$00000004          0x08000172   Section        6  __rtentry4.o(.ARM.Collect$$rtentry$$00000004)
    .ARM.Collect$$rtentry$$00000009          0x08000178   Section        0  __rtentry2.o(.ARM.Collect$$rtentry$$00000009)
    .ARM.Collect$$rtentry$$0000000A          0x08000178   Section        4  __rtentry2.o(.ARM.Collect$$rtentry$$0000000A)
    .ARM.Collect$$rtentry$$0000000C          0x0800017c   Section        0  __rtentry2.o(.ARM.Collect$$rtentry$$0000000C)
    .ARM.Collect$$rtentry$$0000000D          0x0800017c   Section        8  __rtentry2.o(.ARM.Collect$$rtentry$$0000000D)
    .ARM.Collect$$rtexit$$00000000           0x08000184   Section        2  rtexit.o(.ARM.Collect$$rtexit$$00000000)
    .ARM.Collect$$rtexit$$00000002           0x08000186   Section        0  rtexit2.o(.ARM.Collect$$rtexit$$00000002)
    .ARM.Collect$$rtexit$$00000003           0x08000186   Section        4  rtexit2.o(.ARM.Collect$$rtexit$$00000003)
    .ARM.Collect$$rtexit$$00000004           0x0800018a   Section        6  rtexit2.o(.ARM.Collect$$rtexit$$00000004)
    .text                                    0x08000190   Section       64  startup_stm32f10x_md.o(.text)
    .text                                    0x080001d0   Section        0  noretval__2sprintf.o(.text)
    .text                                    0x080001f8   Section        0  _printf_dec.o(.text)
    .text                                    0x08000270   Section        0  __printf_flags_wp.o(.text)
    .text                                    0x080003a8   Section        0  heapauxi.o(.text)
    .text                                    0x080003ae   Section        0  _printf_intcommon.o(.text)
    .text                                    0x08000460   Section        0  _printf_char_common.o(.text)
    _printf_input_char                       0x08000461   Thumb Code    10  _printf_char_common.o(.text)
    .text                                    0x08000490   Section        0  _sputc.o(.text)
    .text                                    0x0800049c   Section        8  libspace.o(.text)
    .text                                    0x080004a4   Section        2  use_no_semi.o(.text)
    .text                                    0x080004a6   Section       74  sys_stackheap_outer.o(.text)
    .text                                    0x080004a6   Section        0  indicate_semi.o(.text)
    .text                                    0x080004f0   Section        0  exit.o(.text)
    .text                                    0x08000504   Section        0  sys_exit.o(.text)
    i.BKP_DeInit                             0x08000510   Section        0  stm32f10x_bkp.o(i.BKP_DeInit)
    i.BKP_ReadBackupRegister                 0x08000520   Section        0  stm32f10x_bkp.o(i.BKP_ReadBackupRegister)
    i.BKP_WriteBackupRegister                0x0800053c   Section        0  stm32f10x_bkp.o(i.BKP_WriteBackupRegister)
    i.Config_GPIO                            0x08000558   Section        0  gpio.o(i.Config_GPIO)
    i.DelayInit                              0x08000608   Section        0  delay.o(i.DelayInit)
    i.DelayMs                                0x0800066c   Section        0  delay.o(i.DelayMs)
    i.DelayUs                                0x08000684   Section        0  delay.o(i.DelayUs)
    i.EXTI9_5_IRQHandler                     0x08000698   Section        0  main.o(i.EXTI9_5_IRQHandler)
    i.EXTI9_5_Init                           0x080006d8   Section        0  exti-config.o(i.EXTI9_5_Init)
    i.EXTI_ClearFlag                         0x08000748   Section        0  stm32f10x_exti.o(i.EXTI_ClearFlag)
    i.EXTI_ClearITPendingBit                 0x08000754   Section        0  stm32f10x_exti.o(i.EXTI_ClearITPendingBit)
    i.EXTI_GetITStatus                       0x08000760   Section        0  stm32f10x_exti.o(i.EXTI_GetITStatus)
    i.EXTI_Init                              0x08000788   Section        0  stm32f10x_exti.o(i.EXTI_Init)
    i.GPIO_EXTILineConfig                    0x0800081c   Section        0  stm32f10x_gpio.o(i.GPIO_EXTILineConfig)
    i.GPIO_Init                              0x0800085c   Section        0  stm32f10x_gpio.o(i.GPIO_Init)
    i.I2C_CheckEvent                         0x08000972   Section        0  stm32f10x_i2c.o(i.I2C_CheckEvent)
    i.I2C_Cmd                                0x0800099c   Section        0  stm32f10x_i2c.o(i.I2C_Cmd)
    i.I2C_GenerateSTART                      0x080009b4   Section        0  stm32f10x_i2c.o(i.I2C_GenerateSTART)
    i.I2C_GenerateSTOP                       0x080009cc   Section        0  stm32f10x_i2c.o(i.I2C_GenerateSTOP)
    i.I2C_GetFlagStatus                      0x080009e4   Section        0  stm32f10x_i2c.o(i.I2C_GetFlagStatus)
    i.I2C_Init                               0x08000a20   Section        0  stm32f10x_i2c.o(i.I2C_Init)
    i.I2C_ReceiveData                        0x08000b0c   Section        0  stm32f10x_i2c.o(i.I2C_ReceiveData)
    i.I2C_Send7bitAddress                    0x08000b14   Section        0  stm32f10x_i2c.o(i.I2C_Send7bitAddress)
    i.I2C_SendData                           0x08000b26   Section        0  stm32f10x_i2c.o(i.I2C_SendData)
    i.NVIC_Init                              0x08000b2c   Section        0  misc.o(i.NVIC_Init)
    i.NVIC_PriorityGroupConfig               0x08000b9c   Section        0  misc.o(i.NVIC_PriorityGroupConfig)
    i.PWR_BackupAccessCmd                    0x08000bb0   Section        0  stm32f10x_pwr.o(i.PWR_BackupAccessCmd)
    i.RCC_APB1PeriphClockCmd                 0x08000bbc   Section        0  stm32f10x_rcc.o(i.RCC_APB1PeriphClockCmd)
    i.RCC_APB2PeriphClockCmd                 0x08000bdc   Section        0  stm32f10x_rcc.o(i.RCC_APB2PeriphClockCmd)
    i.RCC_BackupResetCmd                     0x08000bfc   Section        0  stm32f10x_rcc.o(i.RCC_BackupResetCmd)
    i.RCC_ClearFlag                          0x08000c08   Section        0  stm32f10x_rcc.o(i.RCC_ClearFlag)
    i.RCC_GetClocksFreq                      0x08000c1c   Section        0  stm32f10x_rcc.o(i.RCC_GetClocksFreq)
    i.RCC_GetFlagStatus                      0x08000cf0   Section        0  stm32f10x_rcc.o(i.RCC_GetFlagStatus)
    i.RCC_LSEConfig                          0x08000d2c   Section        0  stm32f10x_rcc.o(i.RCC_LSEConfig)
    i.RCC_RTCCLKCmd                          0x08000d60   Section        0  stm32f10x_rcc.o(i.RCC_RTCCLKCmd)
    i.RCC_RTCCLKConfig                       0x08000d6c   Section        0  stm32f10x_rcc.o(i.RCC_RTCCLKConfig)
    i.RTC_Configuration                      0x08000d7c   Section        0  rtc.o(i.RTC_Configuration)
    i.RTC_EnterConfigMode                    0x08000dd4   Section        0  stm32f10x_rtc.o(i.RTC_EnterConfigMode)
    i.RTC_ExitConfigMode                     0x08000de8   Section        0  stm32f10x_rtc.o(i.RTC_ExitConfigMode)
    i.RTC_GetCounter                         0x08000dfc   Section        0  stm32f10x_rtc.o(i.RTC_GetCounter)
    i.RTC_ITConfig                           0x08000e10   Section        0  stm32f10x_rtc.o(i.RTC_ITConfig)
    i.RTC_SetCounter                         0x08000e30   Section        0  stm32f10x_rtc.o(i.RTC_SetCounter)
    i.RTC_SetPrescaler                       0x08000e4c   Section        0  stm32f10x_rtc.o(i.RTC_SetPrescaler)
    i.RTC_WaitForLastTask                    0x08000e6c   Section        0  stm32f10x_rtc.o(i.RTC_WaitForLastTask)
    i.RTC_WaitForSynchro                     0x08000e80   Section        0  stm32f10x_rtc.o(i.RTC_WaitForSynchro)
    i.RTC_config                             0x08000ea4   Section        0  rtc.o(i.RTC_config)
    i.SetSysClock                            0x08001020   Section        0  system_stm32f10x.o(i.SetSysClock)
    SetSysClock                              0x08001021   Thumb Code     8  system_stm32f10x.o(i.SetSysClock)
    i.SetSysClockTo72                        0x08001028   Section        0  system_stm32f10x.o(i.SetSysClockTo72)
    SetSysClockTo72                          0x08001029   Thumb Code   214  system_stm32f10x.o(i.SetSysClockTo72)
    i.Slider                                 0x08001108   Section        0  touch.o(i.Slider)
    i.State_inMenu                           0x080012bc   Section        0  touch.o(i.State_inMenu)
    i.SysTick_Handler                        0x080016a0   Section        0  delay.o(i.SysTick_Handler)
    i.SystemCoreClockUpdate                  0x080016b8   Section        0  system_stm32f10x.o(i.SystemCoreClockUpdate)
    i.SystemInit                             0x0800175c   Section        0  system_stm32f10x.o(i.SystemInit)
    i.Time_Adjust                            0x080017bc   Section        0  rtc.o(i.Time_Adjust)
    i.Time_Display                           0x080017e8   Section        0  rtc.o(i.Time_Display)
    i.USART2_GetChar                         0x08001870   Section        0  usart.o(i.USART2_GetChar)
    i.USART2_IRQHandler                      0x0800188c   Section        0  main.o(i.USART2_IRQHandler)
    i.USART2_Init                            0x080018e4   Section        0  usart.o(i.USART2_Init)
    i.USART2_PutChar                         0x080019ac   Section        0  usart.o(i.USART2_PutChar)
    i.USART2_PutString                       0x080019cc   Section        0  usart.o(i.USART2_PutString)
    i.USART_ClearFlag                        0x080019f0   Section        0  stm32f10x_usart.o(i.USART_ClearFlag)
    i.USART_Cmd                              0x08001a02   Section        0  stm32f10x_usart.o(i.USART_Cmd)
    i.USART_GetFlagStatus                    0x08001a1a   Section        0  stm32f10x_usart.o(i.USART_GetFlagStatus)
    i.USART_GetITStatus                      0x08001a34   Section        0  stm32f10x_usart.o(i.USART_GetITStatus)
    i.USART_ITConfig                         0x08001a88   Section        0  stm32f10x_usart.o(i.USART_ITConfig)
    i.USART_Init                             0x08001ad4   Section        0  stm32f10x_usart.o(i.USART_Init)
    i.USART_ReceiveData                      0x08001bac   Section        0  stm32f10x_usart.o(i.USART_ReceiveData)
    i.USART_SendData                         0x08001bb6   Section        0  stm32f10x_usart.o(i.USART_SendData)
    i.Wheel                                  0x08001bc0   Section        0  touch.o(i.Wheel)
    i.__NVIC_SetPriority                     0x08001dcc   Section        0  usart.o(i.__NVIC_SetPriority)
    __NVIC_SetPriority                       0x08001dcd   Thumb Code    32  usart.o(i.__NVIC_SetPriority)
    i._is_digit                              0x08001df4   Section        0  __printf_wp.o(i._is_digit)
    i.i2c1_init                              0x08001e04   Section        0  i2c.o(i.i2c1_init)
    i.lcd16x2_clrscr                         0x08001e78   Section        0  lcd16_2.o(i.lcd16x2_clrscr)
    i.lcd16x2_entry_inc                      0x08001e82   Section        0  lcd16_2.o(i.lcd16x2_entry_inc)
    i.lcd16x2_getxy                          0x08001e8c   Section        0  lcd16_2.o(i.lcd16x2_getxy)
    i.lcd16x2_gotoxy                         0x08001e94   Section        0  lcd16_2.o(i.lcd16x2_gotoxy)
    i.lcd16x2_init                           0x08001eb8   Section        0  lcd16_2.o(i.lcd16x2_init)
    i.lcd16x2_new_line                       0x08001f80   Section        0  lcd16_2.o(i.lcd16x2_new_line)
    lcd16x2_new_line                         0x08001f81   Thumb Code    24  lcd16_2.o(i.lcd16x2_new_line)
    i.lcd16x2_putc                           0x08001f98   Section        0  lcd16_2.o(i.lcd16x2_putc)
    i.lcd16x2_puts                           0x08001fd0   Section        0  lcd16_2.o(i.lcd16x2_puts)
    i.lcd16x2_read                           0x08001fe8   Section        0  lcd16_2.o(i.lcd16x2_read)
    lcd16x2_read                             0x08001fe9   Thumb Code   232  lcd16_2.o(i.lcd16x2_read)
    i.lcd16x2_toggle_e                       0x080020d8   Section        0  lcd16_2.o(i.lcd16x2_toggle_e)
    lcd16x2_toggle_e                         0x080020d9   Thumb Code    24  lcd16_2.o(i.lcd16x2_toggle_e)
    i.lcd16x2_wait_busy                      0x080020f4   Section        0  lcd16_2.o(i.lcd16x2_wait_busy)
    lcd16x2_wait_busy                        0x080020f5   Thumb Code    32  lcd16_2.o(i.lcd16x2_wait_busy)
    i.lcd16x2_write                          0x08002114   Section        0  lcd16_2.o(i.lcd16x2_write)
    lcd16x2_write                            0x08002115   Thumb Code   246  lcd16_2.o(i.lcd16x2_write)
    i.lcd16x2_write_command                  0x08002214   Section        0  lcd16_2.o(i.lcd16x2_write_command)
    i.lcd16x2_write_data                     0x08002226   Section        0  lcd16_2.o(i.lcd16x2_write_data)
    i.main                                   0x08002238   Section        0  main.o(i.main)
    i.mpr121_init                            0x08002444   Section        0  mpr121.o(i.mpr121_init)
    i.read_register                          0x08002624   Section        0  mpr121.o(i.read_register)
    i.read_touchkey                          0x08002724   Section        0  touch.o(i.read_touchkey)
    i.write_register                         0x08002744   Section        0  mpr121.o(i.write_register)
    .constdata                               0x08002800   Section       17  __printf_flags_wp.o(.constdata)
    maptable                                 0x08002800   Data          17  __printf_flags_wp.o(.constdata)
    .data                                    0x20000000   Section       20  main.o(.data)
    .data                                    0x20000014   Section        4  delay.o(.data)
    usTicks                                  0x20000014   Data           4  delay.o(.data)
    .data                                    0x20000018   Section        6  lcd16_2.o(.data)
    display_cursor_on_off_control            0x20000018   Data           1  lcd16_2.o(.data)
    .data                                    0x20000020   Section       16  exti-config.o(.data)
    .data                                    0x20000030   Section       86  touch.o(.data)
    .data                                    0x20000086   Section       20  stm32f10x_rcc.o(.data)
    APBAHBPrescTable                         0x20000086   Data          16  stm32f10x_rcc.o(.data)
    ADCPrescTable                            0x20000096   Data           4  stm32f10x_rcc.o(.data)
    .data                                    0x2000009c   Section       20  system_stm32f10x.o(.data)
    .bss                                     0x200000b0   Section      288  main.o(.bss)
    .bss                                     0x200001d0   Section       64  touch.o(.bss)
    .bss                                     0x20000210   Section       64  rtc.o(.bss)
    .bss                                     0x20000250   Section       96  libspace.o(.bss)
    HEAP                                     0x200002b0   Section      512  startup_stm32f10x_md.o(HEAP)
    Heap_Mem                                 0x200002b0   Data         512  startup_stm32f10x_md.o(HEAP)
    STACK                                    0x200004b0   Section     1024  startup_stm32f10x_md.o(STACK)
    Stack_Mem                                0x200004b0   Data        1024  startup_stm32f10x_md.o(STACK)
    __initial_sp                             0x200008b0   Data           0  startup_stm32f10x_md.o(STACK)

    Global Symbols

    Symbol Name                              Value     Ov Type        Size  Object(Section)

    BuildAttributes$$THM_ISAv4$P$D$K$B$S$PE$A:L22UL41UL21$X:L11$S22US41US21$IEEE1$IW$USESV6$~STKCKD$USESV7$~SHL$OTIME$ROPI$EBA8$UX$STANDARDLIB$REQ8$PRES8$EABIv2 0x00000000   Number         0  anon$$obj.o ABSOLUTE
    __ARM_use_no_argv                        0x00000000   Number         0  main.o ABSOLUTE
    _printf_flags                            0x00000000   Number         0  printf_stubs.o ABSOLUTE
    _printf_return_value                     0x00000000   Number         0  printf_stubs.o ABSOLUTE
    _printf_sizespec                         0x00000000   Number         0  printf_stubs.o ABSOLUTE
    _printf_widthprec                        0x00000000   Number         0  printf_stubs.o ABSOLUTE
    __ARM_exceptions_init                     - Undefined Weak Reference
    __alloca_initialize                       - Undefined Weak Reference
    __arm_preinit_                            - Undefined Weak Reference
    __cpp_initialize__aeabi_                  - Undefined Weak Reference
    __cxa_finalize                            - Undefined Weak Reference
    __rt_locale                               - Undefined Weak Reference
    __sigvec_lookup                           - Undefined Weak Reference
    __user_heap_extent                        - Undefined Weak Reference
    _atexit_init                              - Undefined Weak Reference
    _call_atexit_fns                          - Undefined Weak Reference
    _clock_init                               - Undefined Weak Reference
    _fp_trap_init                             - Undefined Weak Reference
    _fp_trap_shutdown                         - Undefined Weak Reference
    _get_lc_collate                           - Undefined Weak Reference
    _get_lc_ctype                             - Undefined Weak Reference
    _get_lc_monetary                          - Undefined Weak Reference
    _get_lc_numeric                           - Undefined Weak Reference
    _get_lc_time                              - Undefined Weak Reference
    _getenv_init                              - Undefined Weak Reference
    _handle_redirection                       - Undefined Weak Reference
    _initio                                   - Undefined Weak Reference
    _mutex_acquire                            - Undefined Weak Reference
    _mutex_free                               - Undefined Weak Reference
    _mutex_release                            - Undefined Weak Reference
    _printf_post_padding                      - Undefined Weak Reference
    _printf_pre_padding                       - Undefined Weak Reference
    _printf_truncate_signed                   - Undefined Weak Reference
    _printf_truncate_unsigned                 - Undefined Weak Reference
    _rand_init                                - Undefined Weak Reference
    _signal_finish                            - Undefined Weak Reference
    _signal_init                              - Undefined Weak Reference
    _terminateio                              - Undefined Weak Reference
    __Vectors_Size                           0x000000ec   Number         0  startup_stm32f10x_md.o ABSOLUTE
    __Vectors                                0x08000000   Data           4  startup_stm32f10x_md.o(RESET)
    __Vectors_End                            0x080000ec   Data           0  startup_stm32f10x_md.o(RESET)
    __main                                   0x080000ed   Thumb Code     8  __main.o(!!!main)
    __scatterload                            0x080000f5   Thumb Code     0  __scatter.o(!!!scatter)
    __scatterload_rt2                        0x080000f5   Thumb Code    44  __scatter.o(!!!scatter)
    __scatterload_rt2_thumb_only             0x080000f5   Thumb Code     0  __scatter.o(!!!scatter)
    __scatterload_null                       0x08000103   Thumb Code     0  __scatter.o(!!!scatter)
    __scatterload_copy                       0x08000129   Thumb Code    26  __scatter_copy.o(!!handler_copy)
    __scatterload_zeroinit                   0x08000145   Thumb Code    28  __scatter_zi.o(!!handler_zi)
    _printf_d                                0x08000161   Thumb Code     0  _printf_d.o(.ARM.Collect$$_printf_percent$$00000009)
    _printf_percent                          0x08000161   Thumb Code     0  _printf_percent.o(.ARM.Collect$$_printf_percent$$00000000)
    _printf_percent_end                      0x08000167   Thumb Code     0  _printf_percent_end.o(.ARM.Collect$$_printf_percent$$00000017)
    __rt_lib_init                            0x0800016b   Thumb Code     0  libinit.o(.ARM.Collect$$libinit$$00000000)
    __rt_lib_init_alloca_1                   0x0800016d   Thumb Code     0  libinit2.o(.ARM.Collect$$libinit$$0000002E)
    __rt_lib_init_argv_1                     0x0800016d   Thumb Code     0  libinit2.o(.ARM.Collect$$libinit$$0000002C)
    __rt_lib_init_atexit_1                   0x0800016d   Thumb Code     0  libinit2.o(.ARM.Collect$$libinit$$0000001B)
    __rt_lib_init_clock_1                    0x0800016d   Thumb Code     0  libinit2.o(.ARM.Collect$$libinit$$00000021)
    __rt_lib_init_cpp_1                      0x0800016d   Thumb Code     0  libinit2.o(.ARM.Collect$$libinit$$00000032)
    __rt_lib_init_exceptions_1               0x0800016d   Thumb Code     0  libinit2.o(.ARM.Collect$$libinit$$00000030)
    __rt_lib_init_fp_1                       0x0800016d   Thumb Code     0  libinit2.o(.ARM.Collect$$libinit$$00000002)
    __rt_lib_init_fp_trap_1                  0x0800016d   Thumb Code     0  libinit2.o(.ARM.Collect$$libinit$$0000001F)
    __rt_lib_init_getenv_1                   0x0800016d   Thumb Code     0  libinit2.o(.ARM.Collect$$libinit$$00000023)
    __rt_lib_init_heap_1                     0x0800016d   Thumb Code     0  libinit2.o(.ARM.Collect$$libinit$$0000000A)
    __rt_lib_init_lc_collate_1               0x0800016d   Thumb Code     0  libinit2.o(.ARM.Collect$$libinit$$00000011)
    __rt_lib_init_lc_ctype_1                 0x0800016d   Thumb Code     0  libinit2.o(.ARM.Collect$$libinit$$00000013)
    __rt_lib_init_lc_monetary_1              0x0800016d   Thumb Code     0  libinit2.o(.ARM.Collect$$libinit$$00000015)
    __rt_lib_init_lc_numeric_1               0x0800016d   Thumb Code     0  libinit2.o(.ARM.Collect$$libinit$$00000017)
    __rt_lib_init_lc_time_1                  0x0800016d   Thumb Code     0  libinit2.o(.ARM.Collect$$libinit$$00000019)
    __rt_lib_init_preinit_1                  0x0800016d   Thumb Code     0  libinit2.o(.ARM.Collect$$libinit$$00000004)
    __rt_lib_init_rand_1                     0x0800016d   Thumb Code     0  libinit2.o(.ARM.Collect$$libinit$$0000000E)
    __rt_lib_init_return                     0x0800016d   Thumb Code     0  libinit2.o(.ARM.Collect$$libinit$$00000033)
    __rt_lib_init_signal_1                   0x0800016d   Thumb Code     0  libinit2.o(.ARM.Collect$$libinit$$0000001D)
    __rt_lib_init_stdio_1                    0x0800016d   Thumb Code     0  libinit2.o(.ARM.Collect$$libinit$$00000025)
    __rt_lib_init_user_alloc_1               0x0800016d   Thumb Code     0  libinit2.o(.ARM.Collect$$libinit$$0000000C)
    __rt_lib_shutdown                        0x0800016f   Thumb Code     0  libshutdown.o(.ARM.Collect$$libshutdown$$00000000)
    __rt_lib_shutdown_cpp_1                  0x08000171   Thumb Code     0  libshutdown2.o(.ARM.Collect$$libshutdown$$00000002)
    __rt_lib_shutdown_fp_trap_1              0x08000171   Thumb Code     0  libshutdown2.o(.ARM.Collect$$libshutdown$$00000007)
    __rt_lib_shutdown_heap_1                 0x08000171   Thumb Code     0  libshutdown2.o(.ARM.Collect$$libshutdown$$0000000F)
    __rt_lib_shutdown_return                 0x08000171   Thumb Code     0  libshutdown2.o(.ARM.Collect$$libshutdown$$00000010)
    __rt_lib_shutdown_signal_1               0x08000171   Thumb Code     0  libshutdown2.o(.ARM.Collect$$libshutdown$$0000000A)
    __rt_lib_shutdown_stdio_1                0x08000171   Thumb Code     0  libshutdown2.o(.ARM.Collect$$libshutdown$$00000004)
    __rt_lib_shutdown_user_alloc_1           0x08000171   Thumb Code     0  libshutdown2.o(.ARM.Collect$$libshutdown$$0000000C)
    __rt_entry                               0x08000173   Thumb Code     0  __rtentry.o(.ARM.Collect$$rtentry$$00000000)
    __rt_entry_presh_1                       0x08000173   Thumb Code     0  __rtentry2.o(.ARM.Collect$$rtentry$$00000002)
    __rt_entry_sh                            0x08000173   Thumb Code     0  __rtentry4.o(.ARM.Collect$$rtentry$$00000004)
    __rt_entry_li                            0x08000179   Thumb Code     0  __rtentry2.o(.ARM.Collect$$rtentry$$0000000A)
    __rt_entry_postsh_1                      0x08000179   Thumb Code     0  __rtentry2.o(.ARM.Collect$$rtentry$$00000009)
    __rt_entry_main                          0x0800017d   Thumb Code     0  __rtentry2.o(.ARM.Collect$$rtentry$$0000000D)
    __rt_entry_postli_1                      0x0800017d   Thumb Code     0  __rtentry2.o(.ARM.Collect$$rtentry$$0000000C)
    __rt_exit                                0x08000185   Thumb Code     0  rtexit.o(.ARM.Collect$$rtexit$$00000000)
    __rt_exit_ls                             0x08000187   Thumb Code     0  rtexit2.o(.ARM.Collect$$rtexit$$00000003)
    __rt_exit_prels_1                        0x08000187   Thumb Code     0  rtexit2.o(.ARM.Collect$$rtexit$$00000002)
    __rt_exit_exit                           0x0800018b   Thumb Code     0  rtexit2.o(.ARM.Collect$$rtexit$$00000004)
    Reset_Handler                            0x08000191   Thumb Code     8  startup_stm32f10x_md.o(.text)
    NMI_Handler                              0x08000199   Thumb Code     2  startup_stm32f10x_md.o(.text)
    HardFault_Handler                        0x0800019b   Thumb Code     2  startup_stm32f10x_md.o(.text)
    MemManage_Handler                        0x0800019d   Thumb Code     2  startup_stm32f10x_md.o(.text)
    BusFault_Handler                         0x0800019f   Thumb Code     2  startup_stm32f10x_md.o(.text)
    UsageFault_Handler                       0x080001a1   Thumb Code     2  startup_stm32f10x_md.o(.text)
    SVC_Handler                              0x080001a3   Thumb Code     2  startup_stm32f10x_md.o(.text)
    DebugMon_Handler                         0x080001a5   Thumb Code     2  startup_stm32f10x_md.o(.text)
    PendSV_Handler                           0x080001a7   Thumb Code     2  startup_stm32f10x_md.o(.text)
    ADC1_2_IRQHandler                        0x080001ab   Thumb Code     0  startup_stm32f10x_md.o(.text)
    CAN1_RX1_IRQHandler                      0x080001ab   Thumb Code     0  startup_stm32f10x_md.o(.text)
    CAN1_SCE_IRQHandler                      0x080001ab   Thumb Code     0  startup_stm32f10x_md.o(.text)
    DMA1_Channel1_IRQHandler                 0x080001ab   Thumb Code     0  startup_stm32f10x_md.o(.text)
    DMA1_Channel2_IRQHandler                 0x080001ab   Thumb Code     0  startup_stm32f10x_md.o(.text)
    DMA1_Channel3_IRQHandler                 0x080001ab   Thumb Code     0  startup_stm32f10x_md.o(.text)
    DMA1_Channel4_IRQHandler                 0x080001ab   Thumb Code     0  startup_stm32f10x_md.o(.text)
    DMA1_Channel5_IRQHandler                 0x080001ab   Thumb Code     0  startup_stm32f10x_md.o(.text)
    DMA1_Channel6_IRQHandler                 0x080001ab   Thumb Code     0  startup_stm32f10x_md.o(.text)
    DMA1_Channel7_IRQHandler                 0x080001ab   Thumb Code     0  startup_stm32f10x_md.o(.text)
    EXTI0_IRQHandler                         0x080001ab   Thumb Code     0  startup_stm32f10x_md.o(.text)
    EXTI15_10_IRQHandler                     0x080001ab   Thumb Code     0  startup_stm32f10x_md.o(.text)
    EXTI1_IRQHandler                         0x080001ab   Thumb Code     0  startup_stm32f10x_md.o(.text)
    EXTI2_IRQHandler                         0x080001ab   Thumb Code     0  startup_stm32f10x_md.o(.text)
    EXTI3_IRQHandler                         0x080001ab   Thumb Code     0  startup_stm32f10x_md.o(.text)
    EXTI4_IRQHandler                         0x080001ab   Thumb Code     0  startup_stm32f10x_md.o(.text)
    FLASH_IRQHandler                         0x080001ab   Thumb Code     0  startup_stm32f10x_md.o(.text)
    I2C1_ER_IRQHandler                       0x080001ab   Thumb Code     0  startup_stm32f10x_md.o(.text)
    I2C1_EV_IRQHandler                       0x080001ab   Thumb Code     0  startup_stm32f10x_md.o(.text)
    I2C2_ER_IRQHandler                       0x080001ab   Thumb Code     0  startup_stm32f10x_md.o(.text)
    I2C2_EV_IRQHandler                       0x080001ab   Thumb Code     0  startup_stm32f10x_md.o(.text)
    PVD_IRQHandler                           0x080001ab   Thumb Code     0  startup_stm32f10x_md.o(.text)
    RCC_IRQHandler                           0x080001ab   Thumb Code     0  startup_stm32f10x_md.o(.text)
    RTCAlarm_IRQHandler                      0x080001ab   Thumb Code     0  startup_stm32f10x_md.o(.text)
    RTC_IRQHandler                           0x080001ab   Thumb Code     0  startup_stm32f10x_md.o(.text)
    SPI1_IRQHandler                          0x080001ab   Thumb Code     0  startup_stm32f10x_md.o(.text)
    SPI2_IRQHandler                          0x080001ab   Thumb Code     0  startup_stm32f10x_md.o(.text)
    TAMPER_IRQHandler                        0x080001ab   Thumb Code     0  startup_stm32f10x_md.o(.text)
    TIM1_BRK_IRQHandler                      0x080001ab   Thumb Code     0  startup_stm32f10x_md.o(.text)
    TIM1_CC_IRQHandler                       0x080001ab   Thumb Code     0  startup_stm32f10x_md.o(.text)
    TIM1_TRG_COM_IRQHandler                  0x080001ab   Thumb Code     0  startup_stm32f10x_md.o(.text)
    TIM1_UP_IRQHandler                       0x080001ab   Thumb Code     0  startup_stm32f10x_md.o(.text)
    TIM2_IRQHandler                          0x080001ab   Thumb Code     0  startup_stm32f10x_md.o(.text)
    TIM3_IRQHandler                          0x080001ab   Thumb Code     0  startup_stm32f10x_md.o(.text)
    TIM4_IRQHandler                          0x080001ab   Thumb Code     0  startup_stm32f10x_md.o(.text)
    USART1_IRQHandler                        0x080001ab   Thumb Code     0  startup_stm32f10x_md.o(.text)
    USART3_IRQHandler                        0x080001ab   Thumb Code     0  startup_stm32f10x_md.o(.text)
    USBWakeUp_IRQHandler                     0x080001ab   Thumb Code     0  startup_stm32f10x_md.o(.text)
    USB_HP_CAN1_TX_IRQHandler                0x080001ab   Thumb Code     0  startup_stm32f10x_md.o(.text)
    USB_LP_CAN1_RX0_IRQHandler               0x080001ab   Thumb Code     0  startup_stm32f10x_md.o(.text)
    WWDG_IRQHandler                          0x080001ab   Thumb Code     0  startup_stm32f10x_md.o(.text)
    __user_initial_stackheap                 0x080001ad   Thumb Code     0  startup_stm32f10x_md.o(.text)
    __2sprintf                               0x080001d1   Thumb Code    34  noretval__2sprintf.o(.text)
    _printf_int_dec                          0x080001f9   Thumb Code   104  _printf_dec.o(.text)
    __printf                                 0x08000271   Thumb Code   308  __printf_flags_wp.o(.text)
    __use_two_region_memory                  0x080003a9   Thumb Code     2  heapauxi.o(.text)
    __rt_heap_escrow                         0x080003ab   Thumb Code     2  heapauxi.o(.text)
    __rt_heap_expand                         0x080003ad   Thumb Code     2  heapauxi.o(.text)
    _printf_int_common                       0x080003af   Thumb Code   178  _printf_intcommon.o(.text)
    _printf_char_common                      0x0800046b   Thumb Code    32  _printf_char_common.o(.text)
    _sputc                                   0x08000491   Thumb Code    10  _sputc.o(.text)
    __user_libspace                          0x0800049d   Thumb Code     8  libspace.o(.text)
    __user_perproc_libspace                  0x0800049d   Thumb Code     0  libspace.o(.text)
    __user_perthread_libspace                0x0800049d   Thumb Code     0  libspace.o(.text)
    __I$use$semihosting                      0x080004a5   Thumb Code     0  use_no_semi.o(.text)
    __use_no_semihosting_swi                 0x080004a5   Thumb Code     2  use_no_semi.o(.text)
    __semihosting_library_function           0x080004a7   Thumb Code     0  indicate_semi.o(.text)
    __user_setup_stackheap                   0x080004a7   Thumb Code    74  sys_stackheap_outer.o(.text)
    exit                                     0x080004f1   Thumb Code    18  exit.o(.text)
    _sys_exit                                0x08000505   Thumb Code     8  sys_exit.o(.text)
    BKP_DeInit                               0x08000511   Thumb Code    16  stm32f10x_bkp.o(i.BKP_DeInit)
    BKP_ReadBackupRegister                   0x08000521   Thumb Code    24  stm32f10x_bkp.o(i.BKP_ReadBackupRegister)
    BKP_WriteBackupRegister                  0x0800053d   Thumb Code    22  stm32f10x_bkp.o(i.BKP_WriteBackupRegister)
    Config_GPIO                              0x08000559   Thumb Code   146  gpio.o(i.Config_GPIO)
    DelayInit                                0x08000609   Thumb Code    84  delay.o(i.DelayInit)
    DelayMs                                  0x0800066d   Thumb Code    24  delay.o(i.DelayMs)
    DelayUs                                  0x08000685   Thumb Code    16  delay.o(i.DelayUs)
    EXTI9_5_IRQHandler                       0x08000699   Thumb Code    50  main.o(i.EXTI9_5_IRQHandler)
    EXTI9_5_Init                             0x080006d9   Thumb Code    94  exti-config.o(i.EXTI9_5_Init)
    EXTI_ClearFlag                           0x08000749   Thumb Code     6  stm32f10x_exti.o(i.EXTI_ClearFlag)
    EXTI_ClearITPendingBit                   0x08000755   Thumb Code     6  stm32f10x_exti.o(i.EXTI_ClearITPendingBit)
    EXTI_GetITStatus                         0x08000761   Thumb Code    34  stm32f10x_exti.o(i.EXTI_GetITStatus)
    EXTI_Init                                0x08000789   Thumb Code   142  stm32f10x_exti.o(i.EXTI_Init)
    GPIO_EXTILineConfig                      0x0800081d   Thumb Code    60  stm32f10x_gpio.o(i.GPIO_EXTILineConfig)
    GPIO_Init                                0x0800085d   Thumb Code   278  stm32f10x_gpio.o(i.GPIO_Init)
    I2C_CheckEvent                           0x08000973   Thumb Code    42  stm32f10x_i2c.o(i.I2C_CheckEvent)
    I2C_Cmd                                  0x0800099d   Thumb Code    24  stm32f10x_i2c.o(i.I2C_Cmd)
    I2C_GenerateSTART                        0x080009b5   Thumb Code    24  stm32f10x_i2c.o(i.I2C_GenerateSTART)
    I2C_GenerateSTOP                         0x080009cd   Thumb Code    24  stm32f10x_i2c.o(i.I2C_GenerateSTOP)
    I2C_GetFlagStatus                        0x080009e5   Thumb Code    58  stm32f10x_i2c.o(i.I2C_GetFlagStatus)
    I2C_Init                                 0x08000a21   Thumb Code   222  stm32f10x_i2c.o(i.I2C_Init)
    I2C_ReceiveData                          0x08000b0d   Thumb Code     8  stm32f10x_i2c.o(i.I2C_ReceiveData)
    I2C_Send7bitAddress                      0x08000b15   Thumb Code    18  stm32f10x_i2c.o(i.I2C_Send7bitAddress)
    I2C_SendData                             0x08000b27   Thumb Code     4  stm32f10x_i2c.o(i.I2C_SendData)
    NVIC_Init                                0x08000b2d   Thumb Code   100  misc.o(i.NVIC_Init)
    NVIC_PriorityGroupConfig                 0x08000b9d   Thumb Code    10  misc.o(i.NVIC_PriorityGroupConfig)
    PWR_BackupAccessCmd                      0x08000bb1   Thumb Code     6  stm32f10x_pwr.o(i.PWR_BackupAccessCmd)
    RCC_APB1PeriphClockCmd                   0x08000bbd   Thumb Code    26  stm32f10x_rcc.o(i.RCC_APB1PeriphClockCmd)
    RCC_APB2PeriphClockCmd                   0x08000bdd   Thumb Code    26  stm32f10x_rcc.o(i.RCC_APB2PeriphClockCmd)
    RCC_BackupResetCmd                       0x08000bfd   Thumb Code     6  stm32f10x_rcc.o(i.RCC_BackupResetCmd)
    RCC_ClearFlag                            0x08000c09   Thumb Code    14  stm32f10x_rcc.o(i.RCC_ClearFlag)
    RCC_GetClocksFreq                        0x08000c1d   Thumb Code   192  stm32f10x_rcc.o(i.RCC_GetClocksFreq)
    RCC_GetFlagStatus                        0x08000cf1   Thumb Code    56  stm32f10x_rcc.o(i.RCC_GetFlagStatus)
    RCC_LSEConfig                            0x08000d2d   Thumb Code    46  stm32f10x_rcc.o(i.RCC_LSEConfig)
    RCC_RTCCLKCmd                            0x08000d61   Thumb Code     6  stm32f10x_rcc.o(i.RCC_RTCCLKCmd)
    RCC_RTCCLKConfig                         0x08000d6d   Thumb Code    12  stm32f10x_rcc.o(i.RCC_RTCCLKConfig)
    RTC_Configuration                        0x08000d7d   Thumb Code    88  rtc.o(i.RTC_Configuration)
    RTC_EnterConfigMode                      0x08000dd5   Thumb Code    14  stm32f10x_rtc.o(i.RTC_EnterConfigMode)
    RTC_ExitConfigMode                       0x08000de9   Thumb Code    16  stm32f10x_rtc.o(i.RTC_ExitConfigMode)
    RTC_GetCounter                           0x08000dfd   Thumb Code    16  stm32f10x_rtc.o(i.RTC_GetCounter)
    RTC_ITConfig                             0x08000e11   Thumb Code    26  stm32f10x_rtc.o(i.RTC_ITConfig)
    RTC_SetCounter                           0x08000e31   Thumb Code    24  stm32f10x_rtc.o(i.RTC_SetCounter)
    RTC_SetPrescaler                         0x08000e4d   Thumb Code    26  stm32f10x_rtc.o(i.RTC_SetPrescaler)
    RTC_WaitForLastTask                      0x08000e6d   Thumb Code    16  stm32f10x_rtc.o(i.RTC_WaitForLastTask)
    RTC_WaitForSynchro                       0x08000e81   Thumb Code    30  stm32f10x_rtc.o(i.RTC_WaitForSynchro)
    RTC_config                               0x08000ea5   Thumb Code   248  rtc.o(i.RTC_config)
    Slider                                   0x08001109   Thumb Code   408  touch.o(i.Slider)
    State_inMenu                             0x080012bd   Thumb Code   840  touch.o(i.State_inMenu)
    SysTick_Handler                          0x080016a1   Thumb Code    18  delay.o(i.SysTick_Handler)
    SystemCoreClockUpdate                    0x080016b9   Thumb Code   142  system_stm32f10x.o(i.SystemCoreClockUpdate)
    SystemInit                               0x0800175d   Thumb Code    78  system_stm32f10x.o(i.SystemInit)
    Time_Adjust                              0x080017bd   Thumb Code    44  rtc.o(i.Time_Adjust)
    Time_Display                             0x080017e9   Thumb Code   104  rtc.o(i.Time_Display)
    USART2_GetChar                           0x08001871   Thumb Code    24  usart.o(i.USART2_GetChar)
    USART2_IRQHandler                        0x0800188d   Thumb Code    68  main.o(i.USART2_IRQHandler)
    USART2_Init                              0x080018e5   Thumb Code   192  usart.o(i.USART2_Init)
    USART2_PutChar                           0x080019ad   Thumb Code    28  usart.o(i.USART2_PutChar)
    USART2_PutString                         0x080019cd   Thumb Code    30  usart.o(i.USART2_PutString)
    USART_ClearFlag                          0x080019f1   Thumb Code    18  stm32f10x_usart.o(i.USART_ClearFlag)
    USART_Cmd                                0x08001a03   Thumb Code    24  stm32f10x_usart.o(i.USART_Cmd)
    USART_GetFlagStatus                      0x08001a1b   Thumb Code    26  stm32f10x_usart.o(i.USART_GetFlagStatus)
    USART_GetITStatus                        0x08001a35   Thumb Code    84  stm32f10x_usart.o(i.USART_GetITStatus)
    USART_ITConfig                           0x08001a89   Thumb Code    74  stm32f10x_usart.o(i.USART_ITConfig)
    USART_Init                               0x08001ad5   Thumb Code   210  stm32f10x_usart.o(i.USART_Init)
    USART_ReceiveData                        0x08001bad   Thumb Code    10  stm32f10x_usart.o(i.USART_ReceiveData)
    USART_SendData                           0x08001bb7   Thumb Code     8  stm32f10x_usart.o(i.USART_SendData)
    Wheel                                    0x08001bc1   Thumb Code   494  touch.o(i.Wheel)
    _is_digit                                0x08001df5   Thumb Code    14  __printf_wp.o(i._is_digit)
    i2c1_init                                0x08001e05   Thumb Code   102  i2c.o(i.i2c1_init)
    lcd16x2_clrscr                           0x08001e79   Thumb Code    10  lcd16_2.o(i.lcd16x2_clrscr)
    lcd16x2_entry_inc                        0x08001e83   Thumb Code    10  lcd16_2.o(i.lcd16x2_entry_inc)
    lcd16x2_getxy                            0x08001e8d   Thumb Code     8  lcd16_2.o(i.lcd16x2_getxy)
    lcd16x2_gotoxy                           0x08001e95   Thumb Code    36  lcd16_2.o(i.lcd16x2_gotoxy)
    lcd16x2_init                             0x08001eb9   Thumb Code   186  lcd16_2.o(i.lcd16x2_init)
    lcd16x2_putc                             0x08001f99   Thumb Code    56  lcd16_2.o(i.lcd16x2_putc)
    lcd16x2_puts                             0x08001fd1   Thumb Code    22  lcd16_2.o(i.lcd16x2_puts)
    lcd16x2_write_command                    0x08002215   Thumb Code    18  lcd16_2.o(i.lcd16x2_write_command)
    lcd16x2_write_data                       0x08002227   Thumb Code    18  lcd16_2.o(i.lcd16x2_write_data)
    main                                     0x08002239   Thumb Code   454  main.o(i.main)
    mpr121_init                              0x08002445   Thumb Code   478  mpr121.o(i.mpr121_init)
    read_register                            0x08002625   Thumb Code   240  mpr121.o(i.read_register)
    read_touchkey                            0x08002725   Thumb Code    28  touch.o(i.read_touchkey)
    write_register                           0x08002745   Thumb Code   172  mpr121.o(i.write_register)
    Region$$Table$$Base                      0x08002814   Number         0  anon$$obj.o(Region$$Table)
    Region$$Table$$Limit                     0x08002834   Number         0  anon$$obj.o(Region$$Table)
    value                                    0x20000000   Data           2  main.o(.data)
    value2                                   0x20000002   Data           2  main.o(.data)
    volume                                   0x20000004   Data           2  main.o(.data)
    volume1                                  0x20000006   Data           2  main.o(.data)
    light                                    0x20000008   Data           2  main.o(.data)
    light1                                   0x2000000a   Data           2  main.o(.data)
    flag                                     0x2000000c   Data           1  main.o(.data)
    c                                        0x2000000d   Data           1  main.o(.data)
    F                                        0x2000000e   Data           1  main.o(.data)
    u                                        0x20000010   Data           4  main.o(.data)
    GPIO_InitStruct                          0x2000001a   Data           4  lcd16_2.o(.data)
    EXTI_InitStructure                       0x20000020   Data           8  exti-config.o(.data)
    GPIO_InitStructure                       0x20000028   Data           4  exti-config.o(.data)
    NVIC_InitStructure                       0x2000002c   Data           4  exti-config.o(.data)
    i                                        0x20000030   Data           1  touch.o(.data)
    j                                        0x20000034   Data           4  touch.o(.data)
    kk                                       0x20000038   Data           1  touch.o(.data)
    k                                        0x20000039   Data           1  touch.o(.data)
    pass                                     0x2000003a   Data           1  touch.o(.data)
    ff                                       0x2000003b   Data           1  touch.o(.data)
    v                                        0x2000003c   Data           1  touch.o(.data)
    f1                                       0x2000003e   Data           2  touch.o(.data)
    f2                                       0x20000040   Data           2  touch.o(.data)
    f11                                      0x20000042   Data           2  touch.o(.data)
    f22                                      0x20000044   Data           2  touch.o(.data)
    regvalue                                 0x20000046   Data           2  touch.o(.data)
    regvalue2                                0x20000048   Data           2  touch.o(.data)
    ip                                       0x2000004a   Data          16  touch.o(.data)
    Name                                     0x2000005a   Data          32  touch.o(.data)
    Num_ofMenu                               0x2000007a   Data           1  touch.o(.data)
    Num_ofSubMenu                            0x2000007b   Data           1  touch.o(.data)
    Exit                                     0x2000007c   Data           1  touch.o(.data)
    wheel_menu                               0x2000007e   Data           2  touch.o(.data)
    wheel_menu_1                             0x20000080   Data           2  touch.o(.data)
    wheel_submenu                            0x20000082   Data           2  touch.o(.data)
    wheel_submenu_1                          0x20000084   Data           2  touch.o(.data)
    SystemCoreClock                          0x2000009c   Data           4  system_stm32f10x.o(.data)
    AHBPrescTable                            0x200000a0   Data          16  system_stm32f10x.o(.data)
    str                                      0x200000b0   Data          32  main.o(.bss)
    buf                                      0x200000d0   Data         256  main.o(.bss)
    num                                      0x200001d0   Data          32  touch.o(.bss)
    men                                      0x200001f0   Data          32  touch.o(.bss)
    s_time                                   0x20000210   Data          64  rtc.o(.bss)
    __libspace_start                         0x20000250   Data          96  libspace.o(.bss)
    __temporary_stack_top$libspace           0x200002b0   Data           0  libspace.o(.bss)



==============================================================================

Memory Map of the image

  Image Entry point : 0x080000ed

  Load Region LR_IROM1 (Base: 0x08000000, Size: 0x000028e4, Max: 0x00010000, ABSOLUTE)

    Execution Region ER_IROM1 (Exec base: 0x08000000, Load base: 0x08000000, Size: 0x00002834, Max: 0x00010000, ABSOLUTE)

    Exec Addr    Load Addr    Size         Type   Attr      Idx    E Section Name        Object

    0x08000000   0x08000000   0x000000ec   Data   RO         1757    RESET               startup_stm32f10x_md.o
    0x080000ec   0x080000ec   0x00000008   Code   RO         2096  * !!!main             c_w.l(__main.o)
    0x080000f4   0x080000f4   0x00000034   Code   RO         2308    !!!scatter          c_w.l(__scatter.o)
    0x08000128   0x08000128   0x0000001a   Code   RO         2310    !!handler_copy      c_w.l(__scatter_copy.o)
    0x08000142   0x08000142   0x00000002   PAD
    0x08000144   0x08000144   0x0000001c   Code   RO         2312    !!handler_zi        c_w.l(__scatter_zi.o)
    0x08000160   0x08000160   0x00000000   Code   RO         2093    .ARM.Collect$$_printf_percent$$00000000  c_w.l(_printf_percent.o)
    0x08000160   0x08000160   0x00000006   Code   RO         2092    .ARM.Collect$$_printf_percent$$00000009  c_w.l(_printf_d.o)
    0x08000166   0x08000166   0x00000004   Code   RO         2132    .ARM.Collect$$_printf_percent$$00000017  c_w.l(_printf_percent_end.o)
    0x0800016a   0x0800016a   0x00000002   Code   RO         2247    .ARM.Collect$$libinit$$00000000  c_w.l(libinit.o)
    0x0800016c   0x0800016c   0x00000000   Code   RO         2138    .ARM.Collect$$libinit$$00000002  c_w.l(libinit2.o)
    0x0800016c   0x0800016c   0x00000000   Code   RO         2140    .ARM.Collect$$libinit$$00000004  c_w.l(libinit2.o)
    0x0800016c   0x0800016c   0x00000000   Code   RO         2143    .ARM.Collect$$libinit$$0000000A  c_w.l(libinit2.o)
    0x0800016c   0x0800016c   0x00000000   Code   RO         2145    .ARM.Collect$$libinit$$0000000C  c_w.l(libinit2.o)
    0x0800016c   0x0800016c   0x00000000   Code   RO         2147    .ARM.Collect$$libinit$$0000000E  c_w.l(libinit2.o)
    0x0800016c   0x0800016c   0x00000000   Code   RO         2150    .ARM.Collect$$libinit$$00000011  c_w.l(libinit2.o)
    0x0800016c   0x0800016c   0x00000000   Code   RO         2152    .ARM.Collect$$libinit$$00000013  c_w.l(libinit2.o)
    0x0800016c   0x0800016c   0x00000000   Code   RO         2154    .ARM.Collect$$libinit$$00000015  c_w.l(libinit2.o)
    0x0800016c   0x0800016c   0x00000000   Code   RO         2156    .ARM.Collect$$libinit$$00000017  c_w.l(libinit2.o)
    0x0800016c   0x0800016c   0x00000000   Code   RO         2158    .ARM.Collect$$libinit$$00000019  c_w.l(libinit2.o)
    0x0800016c   0x0800016c   0x00000000   Code   RO         2160    .ARM.Collect$$libinit$$0000001B  c_w.l(libinit2.o)
    0x0800016c   0x0800016c   0x00000000   Code   RO         2162    .ARM.Collect$$libinit$$0000001D  c_w.l(libinit2.o)
    0x0800016c   0x0800016c   0x00000000   Code   RO         2164    .ARM.Collect$$libinit$$0000001F  c_w.l(libinit2.o)
    0x0800016c   0x0800016c   0x00000000   Code   RO         2166    .ARM.Collect$$libinit$$00000021  c_w.l(libinit2.o)
    0x0800016c   0x0800016c   0x00000000   Code   RO         2168    .ARM.Collect$$libinit$$00000023  c_w.l(libinit2.o)
    0x0800016c   0x0800016c   0x00000000   Code   RO         2170    .ARM.Collect$$libinit$$00000025  c_w.l(libinit2.o)
    0x0800016c   0x0800016c   0x00000000   Code   RO         2174    .ARM.Collect$$libinit$$0000002C  c_w.l(libinit2.o)
    0x0800016c   0x0800016c   0x00000000   Code   RO         2176    .ARM.Collect$$libinit$$0000002E  c_w.l(libinit2.o)
    0x0800016c   0x0800016c   0x00000000   Code   RO         2178    .ARM.Collect$$libinit$$00000030  c_w.l(libinit2.o)
    0x0800016c   0x0800016c   0x00000000   Code   RO         2180    .ARM.Collect$$libinit$$00000032  c_w.l(libinit2.o)
    0x0800016c   0x0800016c   0x00000002   Code   RO         2181    .ARM.Collect$$libinit$$00000033  c_w.l(libinit2.o)
    0x0800016e   0x0800016e   0x00000002   Code   RO         2305    .ARM.Collect$$libshutdown$$00000000  c_w.l(libshutdown.o)
    0x08000170   0x08000170   0x00000000   Code   RO         2261    .ARM.Collect$$libshutdown$$00000002  c_w.l(libshutdown2.o)
    0x08000170   0x08000170   0x00000000   Code   RO         2263    .ARM.Collect$$libshutdown$$00000004  c_w.l(libshutdown2.o)
    0x08000170   0x08000170   0x00000000   Code   RO         2266    .ARM.Collect$$libshutdown$$00000007  c_w.l(libshutdown2.o)
    0x08000170   0x08000170   0x00000000   Code   RO         2269    .ARM.Collect$$libshutdown$$0000000A  c_w.l(libshutdown2.o)
    0x08000170   0x08000170   0x00000000   Code   RO         2271    .ARM.Collect$$libshutdown$$0000000C  c_w.l(libshutdown2.o)
    0x08000170   0x08000170   0x00000000   Code   RO         2274    .ARM.Collect$$libshutdown$$0000000F  c_w.l(libshutdown2.o)
    0x08000170   0x08000170   0x00000002   Code   RO         2275    .ARM.Collect$$libshutdown$$00000010  c_w.l(libshutdown2.o)
    0x08000172   0x08000172   0x00000000   Code   RO         2100    .ARM.Collect$$rtentry$$00000000  c_w.l(__rtentry.o)
    0x08000172   0x08000172   0x00000000   Code   RO         2188    .ARM.Collect$$rtentry$$00000002  c_w.l(__rtentry2.o)
    0x08000172   0x08000172   0x00000006   Code   RO         2200    .ARM.Collect$$rtentry$$00000004  c_w.l(__rtentry4.o)
    0x08000178   0x08000178   0x00000000   Code   RO         2190    .ARM.Collect$$rtentry$$00000009  c_w.l(__rtentry2.o)
    0x08000178   0x08000178   0x00000004   Code   RO         2191    .ARM.Collect$$rtentry$$0000000A  c_w.l(__rtentry2.o)
    0x0800017c   0x0800017c   0x00000000   Code   RO         2193    .ARM.Collect$$rtentry$$0000000C  c_w.l(__rtentry2.o)
    0x0800017c   0x0800017c   0x00000008   Code   RO         2194    .ARM.Collect$$rtentry$$0000000D  c_w.l(__rtentry2.o)
    0x08000184   0x08000184   0x00000002   Code   RO         2250    .ARM.Collect$$rtexit$$00000000  c_w.l(rtexit.o)
    0x08000186   0x08000186   0x00000000   Code   RO         2279    .ARM.Collect$$rtexit$$00000002  c_w.l(rtexit2.o)
    0x08000186   0x08000186   0x00000004   Code   RO         2280    .ARM.Collect$$rtexit$$00000003  c_w.l(rtexit2.o)
    0x0800018a   0x0800018a   0x00000006   Code   RO         2281    .ARM.Collect$$rtexit$$00000004  c_w.l(rtexit2.o)
    0x08000190   0x08000190   0x00000040   Code   RO         1758    .text               startup_stm32f10x_md.o
    0x080001d0   0x080001d0   0x00000028   Code   RO         2066    .text               c_w.l(noretval__2sprintf.o)
    0x080001f8   0x080001f8   0x00000078   Code   RO         2070    .text               c_w.l(_printf_dec.o)
    0x08000270   0x08000270   0x00000138   Code   RO         2084    .text               c_w.l(__printf_flags_wp.o)
    0x080003a8   0x080003a8   0x00000006   Code   RO         2094    .text               c_w.l(heapauxi.o)
    0x080003ae   0x080003ae   0x000000b2   Code   RO         2126    .text               c_w.l(_printf_intcommon.o)
    0x08000460   0x08000460   0x00000030   Code   RO         2128    .text               c_w.l(_printf_char_common.o)
    0x08000490   0x08000490   0x0000000a   Code   RO         2130    .text               c_w.l(_sputc.o)
    0x0800049a   0x0800049a   0x00000002   PAD
    0x0800049c   0x0800049c   0x00000008   Code   RO         2184    .text               c_w.l(libspace.o)
    0x080004a4   0x080004a4   0x00000002   Code   RO         2223    .text               c_w.l(use_no_semi.o)
    0x080004a6   0x080004a6   0x00000000   Code   RO         2225    .text               c_w.l(indicate_semi.o)
    0x080004a6   0x080004a6   0x0000004a   Code   RO         2226    .text               c_w.l(sys_stackheap_outer.o)
    0x080004f0   0x080004f0   0x00000012   Code   RO         2232    .text               c_w.l(exit.o)
    0x08000502   0x08000502   0x00000002   PAD
    0x08000504   0x08000504   0x0000000c   Code   RO         2248    .text               c_w.l(sys_exit.o)
    0x08000510   0x08000510   0x00000010   Code   RO          876    i.BKP_DeInit        stm32f10x_bkp.o
    0x08000520   0x08000520   0x0000001c   Code   RO          881    i.BKP_ReadBackupRegister  stm32f10x_bkp.o
    0x0800053c   0x0800053c   0x0000001c   Code   RO          885    i.BKP_WriteBackupRegister  stm32f10x_bkp.o
    0x08000558   0x08000558   0x000000b0   Code   RO          188    i.Config_GPIO       gpio.o
    0x08000608   0x08000608   0x00000064   Code   RO          137    i.DelayInit         delay.o
    0x0800066c   0x0800066c   0x00000018   Code   RO          138    i.DelayMs           delay.o
    0x08000684   0x08000684   0x00000014   Code   RO          139    i.DelayUs           delay.o
    0x08000698   0x08000698   0x00000040   Code   RO            4    i.EXTI9_5_IRQHandler  main.o
    0x080006d8   0x080006d8   0x00000070   Code   RO          410    i.EXTI9_5_Init      exti-config.o
    0x08000748   0x08000748   0x0000000c   Code   RO          964    i.EXTI_ClearFlag    stm32f10x_exti.o
    0x08000754   0x08000754   0x0000000c   Code   RO          965    i.EXTI_ClearITPendingBit  stm32f10x_exti.o
    0x08000760   0x08000760   0x00000028   Code   RO          969    i.EXTI_GetITStatus  stm32f10x_exti.o
    0x08000788   0x08000788   0x00000094   Code   RO          970    i.EXTI_Init         stm32f10x_exti.o
    0x0800081c   0x0800081c   0x00000040   Code   RO         1033    i.GPIO_EXTILineConfig  stm32f10x_gpio.o
    0x0800085c   0x0800085c   0x00000116   Code   RO         1036    i.GPIO_Init         stm32f10x_gpio.o
    0x08000972   0x08000972   0x0000002a   Code   RO         1159    i.I2C_CheckEvent    stm32f10x_i2c.o
    0x0800099c   0x0800099c   0x00000018   Code   RO         1162    i.I2C_Cmd           stm32f10x_i2c.o
    0x080009b4   0x080009b4   0x00000018   Code   RO         1169    i.I2C_GenerateSTART  stm32f10x_i2c.o
    0x080009cc   0x080009cc   0x00000018   Code   RO         1170    i.I2C_GenerateSTOP  stm32f10x_i2c.o
    0x080009e4   0x080009e4   0x0000003a   Code   RO         1171    i.I2C_GetFlagStatus  stm32f10x_i2c.o
    0x08000a1e   0x08000a1e   0x00000002   PAD
    0x08000a20   0x08000a20   0x000000ec   Code   RO         1176    i.I2C_Init          stm32f10x_i2c.o
    0x08000b0c   0x08000b0c   0x00000008   Code   RO         1181    i.I2C_ReceiveData   stm32f10x_i2c.o
    0x08000b14   0x08000b14   0x00000012   Code   RO         1183    i.I2C_Send7bitAddress  stm32f10x_i2c.o
    0x08000b26   0x08000b26   0x00000004   Code   RO         1184    i.I2C_SendData      stm32f10x_i2c.o
    0x08000b2a   0x08000b2a   0x00000002   PAD
    0x08000b2c   0x08000b2c   0x00000070   Code   RO          826    i.NVIC_Init         misc.o
    0x08000b9c   0x08000b9c   0x00000014   Code   RO          827    i.NVIC_PriorityGroupConfig  misc.o
    0x08000bb0   0x08000bb0   0x0000000c   Code   RO         1372    i.PWR_BackupAccessCmd  stm32f10x_pwr.o
    0x08000bbc   0x08000bbc   0x00000020   Code   RO         1446    i.RCC_APB1PeriphClockCmd  stm32f10x_rcc.o
    0x08000bdc   0x08000bdc   0x00000020   Code   RO         1448    i.RCC_APB2PeriphClockCmd  stm32f10x_rcc.o
    0x08000bfc   0x08000bfc   0x0000000c   Code   RO         1451    i.RCC_BackupResetCmd  stm32f10x_rcc.o
    0x08000c08   0x08000c08   0x00000014   Code   RO         1452    i.RCC_ClearFlag     stm32f10x_rcc.o
    0x08000c1c   0x08000c1c   0x000000d4   Code   RO         1456    i.RCC_GetClocksFreq  stm32f10x_rcc.o
    0x08000cf0   0x08000cf0   0x0000003c   Code   RO         1457    i.RCC_GetFlagStatus  stm32f10x_rcc.o
    0x08000d2c   0x08000d2c   0x00000034   Code   RO         1464    i.RCC_LSEConfig     stm32f10x_rcc.o
    0x08000d60   0x08000d60   0x0000000c   Code   RO         1471    i.RCC_RTCCLKCmd     stm32f10x_rcc.o
    0x08000d6c   0x08000d6c   0x00000010   Code   RO         1472    i.RCC_RTCCLKConfig  stm32f10x_rcc.o
    0x08000d7c   0x08000d7c   0x00000058   Code   RO          689    i.RTC_Configuration  rtc.o
    0x08000dd4   0x08000dd4   0x00000014   Code   RO         1658    i.RTC_EnterConfigMode  stm32f10x_rtc.o
    0x08000de8   0x08000de8   0x00000014   Code   RO         1659    i.RTC_ExitConfigMode  stm32f10x_rtc.o
    0x08000dfc   0x08000dfc   0x00000014   Code   RO         1660    i.RTC_GetCounter    stm32f10x_rtc.o
    0x08000e10   0x08000e10   0x00000020   Code   RO         1664    i.RTC_ITConfig      stm32f10x_rtc.o
    0x08000e30   0x08000e30   0x0000001c   Code   RO         1666    i.RTC_SetCounter    stm32f10x_rtc.o
    0x08000e4c   0x08000e4c   0x00000020   Code   RO         1667    i.RTC_SetPrescaler  stm32f10x_rtc.o
    0x08000e6c   0x08000e6c   0x00000014   Code   RO         1668    i.RTC_WaitForLastTask  stm32f10x_rtc.o
    0x08000e80   0x08000e80   0x00000024   Code   RO         1669    i.RTC_WaitForSynchro  stm32f10x_rtc.o
    0x08000ea4   0x08000ea4   0x0000017c   Code   RO          690    i.RTC_config        rtc.o
    0x08001020   0x08001020   0x00000008   Code   RO         1765    i.SetSysClock       system_stm32f10x.o
    0x08001028   0x08001028   0x000000e0   Code   RO         1766    i.SetSysClockTo72   system_stm32f10x.o
    0x08001108   0x08001108   0x000001b4   Code   RO          626    i.Slider            touch.o
    0x080012bc   0x080012bc   0x000003e4   Code   RO          627    i.State_inMenu      touch.o
    0x080016a0   0x080016a0   0x00000018   Code   RO          140    i.SysTick_Handler   delay.o
    0x080016b8   0x080016b8   0x000000a4   Code   RO         1767    i.SystemCoreClockUpdate  system_stm32f10x.o
    0x0800175c   0x0800175c   0x00000060   Code   RO         1768    i.SystemInit        system_stm32f10x.o
    0x080017bc   0x080017bc   0x0000002c   Code   RO          691    i.Time_Adjust       rtc.o
    0x080017e8   0x080017e8   0x00000088   Code   RO          692    i.Time_Display      rtc.o
    0x08001870   0x08001870   0x0000001c   Code   RO          755    i.USART2_GetChar    usart.o
    0x0800188c   0x0800188c   0x00000058   Code   RO            5    i.USART2_IRQHandler  main.o
    0x080018e4   0x080018e4   0x000000c8   Code   RO          756    i.USART2_Init       usart.o
    0x080019ac   0x080019ac   0x00000020   Code   RO          757    i.USART2_PutChar    usart.o
    0x080019cc   0x080019cc   0x00000024   Code   RO          758    i.USART2_PutString  usart.o
    0x080019f0   0x080019f0   0x00000012   Code   RO         1811    i.USART_ClearFlag   stm32f10x_usart.o
    0x08001a02   0x08001a02   0x00000018   Code   RO         1815    i.USART_Cmd         stm32f10x_usart.o
    0x08001a1a   0x08001a1a   0x0000001a   Code   RO         1818    i.USART_GetFlagStatus  stm32f10x_usart.o
    0x08001a34   0x08001a34   0x00000054   Code   RO         1819    i.USART_GetITStatus  stm32f10x_usart.o
    0x08001a88   0x08001a88   0x0000004a   Code   RO         1821    i.USART_ITConfig    stm32f10x_usart.o
    0x08001ad2   0x08001ad2   0x00000002   PAD
    0x08001ad4   0x08001ad4   0x000000d8   Code   RO         1822    i.USART_Init        stm32f10x_usart.o
    0x08001bac   0x08001bac   0x0000000a   Code   RO         1829    i.USART_ReceiveData  stm32f10x_usart.o
    0x08001bb6   0x08001bb6   0x00000008   Code   RO         1832    i.USART_SendData    stm32f10x_usart.o
    0x08001bbe   0x08001bbe   0x00000002   PAD
    0x08001bc0   0x08001bc0   0x0000020c   Code   RO          628    i.Wheel             touch.o
    0x08001dcc   0x08001dcc   0x00000028   Code   RO          759    i.__NVIC_SetPriority  usart.o
    0x08001df4   0x08001df4   0x0000000e   Code   RO         2082    i._is_digit         c_w.l(__printf_wp.o)
    0x08001e02   0x08001e02   0x00000002   PAD
    0x08001e04   0x08001e04   0x00000074   Code   RO          448    i.i2c1_init         i2c.o
    0x08001e78   0x08001e78   0x0000000a   Code   RO          214    i.lcd16x2_clrscr    lcd16_2.o
    0x08001e82   0x08001e82   0x0000000a   Code   RO          226    i.lcd16x2_entry_inc  lcd16_2.o
    0x08001e8c   0x08001e8c   0x00000008   Code   RO          228    i.lcd16x2_getxy     lcd16_2.o
    0x08001e94   0x08001e94   0x00000024   Code   RO          229    i.lcd16x2_gotoxy    lcd16_2.o
    0x08001eb8   0x08001eb8   0x000000c8   Code   RO          231    i.lcd16x2_init      lcd16_2.o
    0x08001f80   0x08001f80   0x00000018   Code   RO          232    i.lcd16x2_new_line  lcd16_2.o
    0x08001f98   0x08001f98   0x00000038   Code   RO          234    i.lcd16x2_putc      lcd16_2.o
    0x08001fd0   0x08001fd0   0x00000016   Code   RO          235    i.lcd16x2_puts      lcd16_2.o
    0x08001fe6   0x08001fe6   0x00000002   PAD
    0x08001fe8   0x08001fe8   0x000000f0   Code   RO          236    i.lcd16x2_read      lcd16_2.o
    0x080020d8   0x080020d8   0x0000001c   Code   RO          237    i.lcd16x2_toggle_e  lcd16_2.o
    0x080020f4   0x080020f4   0x00000020   Code   RO          238    i.lcd16x2_wait_busy  lcd16_2.o
    0x08002114   0x08002114   0x00000100   Code   RO          239    i.lcd16x2_write     lcd16_2.o
    0x08002214   0x08002214   0x00000012   Code   RO          240    i.lcd16x2_write_command  lcd16_2.o
    0x08002226   0x08002226   0x00000012   Code   RO          241    i.lcd16x2_write_data  lcd16_2.o
    0x08002238   0x08002238   0x0000020c   Code   RO            6    i.main              main.o
    0x08002444   0x08002444   0x000001de   Code   RO          583    i.mpr121_init       mpr121.o
    0x08002622   0x08002622   0x00000002   PAD
    0x08002624   0x08002624   0x00000100   Code   RO          584    i.read_register     mpr121.o
    0x08002724   0x08002724   0x00000020   Code   RO          629    i.read_touchkey     touch.o
    0x08002744   0x08002744   0x000000bc   Code   RO          585    i.write_register    mpr121.o
    0x08002800   0x08002800   0x00000011   Data   RO         2085    .constdata          c_w.l(__printf_flags_wp.o)
    0x08002811   0x08002811   0x00000003   PAD
    0x08002814   0x08002814   0x00000020   Data   RO         2306    Region$$Table       anon$$obj.o


    Execution Region RW_IRAM1 (Exec base: 0x20000000, Load base: 0x08002834, Size: 0x000008b0, Max: 0x00005000, ABSOLUTE)

    Exec Addr    Load Addr    Size         Type   Attr      Idx    E Section Name        Object

    0x20000000   0x08002834   0x00000014   Data   RW            8    .data               main.o
    0x20000014   0x08002848   0x00000004   Data   RW          141    .data               delay.o
    0x20000018   0x0800284c   0x00000006   Data   RW          242    .data               lcd16_2.o
    0x2000001e   0x08002852   0x00000002   PAD
    0x20000020   0x08002854   0x00000010   Data   RW          411    .data               exti-config.o
    0x20000030   0x08002864   0x00000056   Data   RW          631    .data               touch.o
    0x20000086   0x080028ba   0x00000014   Data   RW         1476    .data               stm32f10x_rcc.o
    0x2000009a   0x080028ce   0x00000002   PAD
    0x2000009c   0x080028d0   0x00000014   Data   RW         1769    .data               system_stm32f10x.o
    0x200000b0        -       0x00000120   Zero   RW            7    .bss                main.o
    0x200001d0        -       0x00000040   Zero   RW          630    .bss                touch.o
    0x20000210        -       0x00000040   Zero   RW          693    .bss                rtc.o
    0x20000250        -       0x00000060   Zero   RW         2185    .bss                c_w.l(libspace.o)
    0x200002b0        -       0x00000200   Zero   RW         1756    HEAP                startup_stm32f10x_md.o
    0x200004b0        -       0x00000400   Zero   RW         1755    STACK               startup_stm32f10x_md.o


==============================================================================

Image component sizes


      Code (inc. data)   RO Data    RW Data    ZI Data      Debug   Object Name

       168         26          0          4          0      27217   delay.o
       112         18          0         16          0        822   exti-config.o
       176         30          0          0          0       1094   gpio.o
       116         14          0          0          0        536   i2c.o
       958         36          0          6          0       7246   lcd16_2.o
       676        104          0         20        288     244658   main.o
       132         22          0          0          0       1811   misc.o
       922         32          0          0          0       2871   mpr121.o
       648        164          0          0         64       3055   rtc.o
        64         26        236          0       1536        824   startup_stm32f10x_md.o
        72         10          0          0          0       3000   stm32f10x_bkp.o
       212         24          0          0          0       2957   stm32f10x_exti.o
       342          4          0          0          0       2854   stm32f10x_gpio.o
       438         14          0          0          0       7660   stm32f10x_i2c.o
        12          6          0          0          0        546   stm32f10x_pwr.o
       448         64          0         20          0       8126   stm32f10x_rcc.o
       208         40          0          0          0       4346   stm32f10x_rtc.o
       460          6          0          0          0       7207   stm32f10x_usart.o
       492         50          0         20          0       3065   system_stm32f10x.o
      1988        218          0         86         64       4765   touch.o
       336         30          0          0          0       2751   usart.o

    ----------------------------------------------------------------------
      8992        938        268        176       1952     337411   Object Totals
         0          0         32          0          0          0   (incl. Generated)
        12          0          0          4          0          0   (incl. Padding)

    ----------------------------------------------------------------------

      Code (inc. data)   RO Data    RW Data    ZI Data      Debug   Library Member Name

         8          0          0          0          0         68   __main.o
       312          4         17          0          0         92   __printf_flags_wp.o
        14          0          0          0          0         68   __printf_wp.o
         0          0          0          0          0          0   __rtentry.o
        12          0          0          0          0          0   __rtentry2.o
         6          0          0          0          0          0   __rtentry4.o
        52          8          0          0          0          0   __scatter.o
        26          0          0          0          0          0   __scatter_copy.o
        28          0          0          0          0          0   __scatter_zi.o
        48          6          0          0          0         96   _printf_char_common.o
         6          0          0          0          0          0   _printf_d.o
       120         16          0          0          0         92   _printf_dec.o
       178          0          0          0          0         88   _printf_intcommon.o
         0          0          0          0          0          0   _printf_percent.o
         4          0          0          0          0          0   _printf_percent_end.o
        10          0          0          0          0         68   _sputc.o
        18          0          0          0          0         80   exit.o
         6          0          0          0          0        152   heapauxi.o
         0          0          0          0          0          0   indicate_semi.o
         2          0          0          0          0          0   libinit.o
         2          0          0          0          0          0   libinit2.o
         2          0          0          0          0          0   libshutdown.o
         2          0          0          0          0          0   libshutdown2.o
         8          4          0          0         96         68   libspace.o
        40          6          0          0          0         84   noretval__2sprintf.o
         2          0          0          0          0          0   rtexit.o
        10          0          0          0          0          0   rtexit2.o
        12          4          0          0          0         68   sys_exit.o
        74          0          0          0          0         80   sys_stackheap_outer.o
         2          0          0          0          0         68   use_no_semi.o

    ----------------------------------------------------------------------
      1012         48         20          0         96       1172   Library Totals
         8          0          3          0          0          0   (incl. Padding)

    ----------------------------------------------------------------------

      Code (inc. data)   RO Data    RW Data    ZI Data      Debug   Library Name

      1004         48         17          0         96       1172   c_w.l

    ----------------------------------------------------------------------
      1012         48         20          0         96       1172   Library Totals

    ----------------------------------------------------------------------

==============================================================================


      Code (inc. data)   RO Data    RW Data    ZI Data      Debug   

     10004        986        288        176       2048     333639   Grand Totals
     10004        986        288        176       2048     333639   ELF Image Totals
     10004        986        288        176          0          0   ROM Totals

==============================================================================

    Total RO  Size (Code + RO Data)                10292 (  10.05kB)
    Total RW  Size (RW Data + ZI Data)              2224 (   2.17kB)
    Total ROM Size (Code + RO Data + RW Data)      10468 (  10.22kB)

==============================================================================

